Microchip MPLAB XC8 Compiler V1.36 ()

Linker command line:

--edf=/opt/microchip/xc8/v1.36/dat/en_msgs.txt -cs -h+pic18F4580.sym \
  --cmf=pic18F4580.cmf -z -Q18F4580 -o/tmp/xcXyqFw2p -Mpic18F4580.map \
  -ver=XC8 -ASTACK=060h-05ffh -pstack=STACK -ACODE=00h-03000h \
  -ACONST=00h-03000h -ASMALLCONST=0600h-06FFhx42,03000h-03000h \
  -AMEDIUMCONST=0600h-03000h -ACOMRAM=01h-05Fh -AABS1=00h-05FFh \
  -ABIGRAM=01h-05FFh -ARAM=060h-0FFh,0100h-01FFhx5 -ABANK0=060h-0FFh \
  -ABANK1=0100h-01FFh -ABANK2=0200h-02FFh -ABANK3=0300h-03FFh \
  -ABANK4=0400h-04FFh -ABANK5=0500h-05FFh \
  -ASFR=0D00h-0DFFhx2,0F00h-0F5Fh,0F60h-0FFFh \
  -preset_vec=00h,intcode,intcodelo,powerup,init,end_init -pramtop=0600h \
  -psmallconst=SMALLCONST -pmediumconst=MEDIUMCONST -pconst=CONST \
  -AFARRAM=00h-00h -ACONFIG=0300000h-030000Dh -pconfig=CONFIG \
  -AIDLOC=0200000h-0200007h -pidloc=IDLOC -AEEDATA=0F00000h-0F000FFh \
  -peeprom_data=EEDATA \
  -prdata=COMRAM,nvrram=COMRAM,nvbit=COMRAM,rbss=COMRAM,rbit=COMRAM \
  -pfarbss=FARRAM,fardata=FARRAM,nvFARRAM=FARRAM \
  -pintsave_regs=BIGRAM,bigbss=BIGRAM,bigdata=BIGRAM -pbss=RAM \
  -pidata=CODE,irdata=CODE,ibigdata=CODE,ifardata=CODE -prparam=COMRAM \
  startup.obj pic18F4580.obj 

Object code version is 3.11

Machine type is 18F4580

Call graph: (short form)




                Name                               Link     Load   Length Selector   Space Scale
startup.obj     end_init                              0        0        4        0       0
pic18F4580.obj  text4                              2ED8     2ED8       28     176C       0
                text3                              2E9A     2E9A       18     174D       0
                text2                              2F2A     2F2A       36     1795       0
                text1                              2F00     2F00       2A     1780       0
                text0                              2F60     2F60       A0     17B0       0
                cstackCOMRAM                          1        1       10        1       1
                dataCOMRAM                           11       11        C        1       1
                cinit                              2EB2     2EB2       26     1759       0
                idataCOMRAM                        2E8E     2E8E        C     2E8E       0

TOTAL           Name                               Link     Load   Length     Space
        CLASS   STACK          

        CLASS   CODE           
                end_init                              0        0        4         0
                text4                              2ED8     2ED8       28         0
                text3                              2E9A     2E9A       18         0
                text2                              2F2A     2F2A       36         0
                text1                              2F00     2F00       2A         0
                text0                              2F60     2F60       A0         0
                cinit                              2EB2     2EB2       26         0
                idataCOMRAM                        2E8E     2E8E        C         0

        CLASS   CONST          

        CLASS   SMALLCONST     

        CLASS   MEDIUMCONST    

        CLASS   COMRAM         
                cstackCOMRAM                          1        1       10         1
                dataCOMRAM                           11       11        C         1

        CLASS   ABS1           

        CLASS   BIGRAM         

        CLASS   RAM            

        CLASS   BANK0          

        CLASS   BANK1          

        CLASS   BANK2          

        CLASS   BANK3          

        CLASS   BANK4          

        CLASS   BANK5          

        CLASS   SFR            

        CLASS   FARRAM         

        CLASS   CONFIG         

        CLASS   IDLOC          

        CLASS   EEDATA         



SEGMENTS        Name                           Load    Length   Top    Selector   Space  Class

                reset_vec                      000000  000004  000004         0       0  CODE    
                cstackCOMRAM                   000001  00001C  00001D         1       1  COMRAM  
                idataCOMRAM                    002E8E  00000C  002E9A      2E8E       0  CODE    
                text3                          002E9A  000018  002EB2      174D       0  CODE    
                cinit                          002EB2  000026  002ED8      1759       0  CODE    
                text4                          002ED8  000028  002F00      176C       0  CODE    
                text1                          002F00  00002A  002F2A      1780       0  CODE    
                text2                          002F2A  000036  002F60      1795       0  CODE    
                text0                          002F60  0000A0  003000      17B0       0  CODE    


UNUSED ADDRESS RANGES

        Name                Unused          Largest block    Delta
        BANK0            0060-00FF             A0
        BANK1            0100-01FF            100
        BANK2            0200-02FF            100
        BANK3            0300-03FF            100
        BANK4            0400-04FF            100
        BANK5            0500-05FF            100
        BIGRAM           001D-05FF            5E3
        CODE             0004-2E8D           2E8A
                         3000-3000              1
        COMRAM           001D-005F             43
        CONFIG           300000-30000D              E
        CONST            0004-2E8D           2E8A
                         3000-3000              1
        EEDATA           F00000-F000FF            100
        IDLOC            200000-200007              8
        MEDIUMCONST      0600-2E8D           288E
                         3000-3000              1
        RAM              0060-05FF            100
        SFR              0D00-0FFF            100
        SMALLCONST       0600-2E8D            100
                         3000-3000              1
        STACK            0060-05FF            5A0

                                  Symbol Table

?_my_strlen              cstackCOMRAM 0001
_PORTCbits               (abs)        0F82
_PORTD                   (abs)        0F83
_PORTDbits               (abs)        0F83
_TRISC                   (abs)        0F94
_TRISD                   (abs)        0F95
_TRISD7                  (abs)        7CAF
__HRAM                   (abs)        0000
__Habs1                  abs1         0000
__Hbank0                 bank0        0000
__Hbank1                 bank1        0000
__Hbank2                 bank2        0000
__Hbank3                 bank3        0000
__Hbank4                 bank4        0000
__Hbank5                 bank5        0000
__Hbigbss                bigbss       0000
__Hbigdata               bigdata      0000
__Hbigram                bigram       0000
__Hbss                   bss          0000
__Hcinit                 cinit        0000
__Hclrtext               clrtext      0000
__Hcomram                comram       0000
__Hconfig                config       0000
__Hconst                 const        0000
__HcstackCOMRAM          cstackCOMRAM 0000
__Hdata                  data         0000
__HdataCOMRAM            dataCOMRAM   0000
__Heeprom_data           eeprom_data  0000
__Hend_init              end_init     0004
__Hfarbss                farbss       0000
__Hfardata               fardata      0000
__Hibigdata              ibigdata     0000
__Hidata                 idata        0000
__HidataCOMRAM           idataCOMRAM  0000
__Hidloc                 idloc        0000
__Hifardata              ifardata     0000
__Hinit                  init         0000
__Hintcode               intcode      0000
__Hintcode_body          intcode_body 0000
__Hintcodelo             intcodelo    0000
__Hintentry              intentry     0000
__Hintret                intret       0000
__Hintsave_regs          intsave_regs 0000
__Hirdata                irdata       0000
__Hmediumconst           mediumconst  0000
__HnvFARRAM              nvFARRAM     0000
__Hnvbit                 nvbit        0000
__Hnvrram                nvrram       0000
__Hparam                 rparam       0000
__Hpowerup               powerup      0000
__Hram                   ram          0000
__Hramtop                ramtop       0600
__Hrbit                  rbit         0000
__Hrbss                  rbss         0000
__Hrdata                 rdata        0000
__Hreset_vec             reset_vec    0000
__Hrparam                rparam       0000
__Hsfr                   sfr          0000
__Hsmallconst            smallconst   0000
__Hspace_0               (abs)        3000
__Hspace_1               (abs)        001D
__Hspace_2               (abs)        0000
__Hstack                 stack        0000
__Hstruct                struct       0000
__Htemp                  temp         0000
__Htext                  text         0000
__Htext0                 text0        0000
__Htext1                 text1        0000
__Htext2                 text2        0000
__Htext3                 text3        0000
__Htext4                 text4        0000
__LRAM                   (abs)        0001
__Labs1                  abs1         0000
__Lbank0                 bank0        0000
__Lbank1                 bank1        0000
__Lbank2                 bank2        0000
__Lbank3                 bank3        0000
__Lbank4                 bank4        0000
__Lbank5                 bank5        0000
__Lbigbss                bigbss       0000
__Lbigdata               bigdata      0000
__Lbigram                bigram       0000
__Lbss                   bss          0000
__Lcinit                 cinit        0000
__Lclrtext               clrtext      0000
__Lcomram                comram       0000
__Lconfig                config       0000
__Lconst                 const        0000
__LcstackCOMRAM          cstackCOMRAM 0000
__Ldata                  data         0000
__LdataCOMRAM            dataCOMRAM   0000
__Leeprom_data           eeprom_data  0000
__Lend_init              end_init     0000
__Lfarbss                farbss       0000
__Lfardata               fardata      0000
__Libigdata              ibigdata     0000
__Lidata                 idata        0000
__LidataCOMRAM           idataCOMRAM  0000
__Lidloc                 idloc        0000
__Lifardata              ifardata     0000
__Linit                  init         0000
__Lintcode               intcode      0000
__Lintcode_body          intcode_body 0000
__Lintcodelo             intcodelo    0000
__Lintentry              intentry     0000
__Lintret                intret       0000
__Lintsave_regs          intsave_regs 0000
__Lirdata                irdata       0000
__Lmediumconst           mediumconst  0000
__LnvFARRAM              nvFARRAM     0000
__Lnvbit                 nvbit        0000
__Lnvrram                nvrram       0000
__Lparam                 rparam       0000
__Lpowerup               powerup      0000
__Lram                   ram          0000
__Lramtop                ramtop       0600
__Lrbit                  rbit         0000
__Lrbss                  rbss         0000
__Lrdata                 rdata        0000
__Lreset_vec             reset_vec    0000
__Lrparam                rparam       0000
__Lsfr                   sfr          0000
__Lsmallconst            smallconst   0000
__Lspace_0               (abs)        0000
__Lspace_1               (abs)        0000
__Lspace_2               (abs)        0000
__Lstack                 stack        0000
__Lstruct                struct       0000
__Ltemp                  temp         0000
__Ltext                  text         0000
__Ltext0                 text0        0000
__Ltext1                 text1        0000
__Ltext2                 text2        0000
__Ltext3                 text3        0000
__Ltext4                 text4        0000
__S0                     (abs)        3000
__S1                     (abs)        001D
__S2                     (abs)        0000
___inthi_sp              stack        0000
___intlo_sp              stack        0000
___param_bank            (abs)        0010
___rparam_used           (abs)        0001
___sp                    stack        0000
__accesstop              (abs)        0060
__activetblptr           (abs)        0000
__end_of__initialization cinit        2ED2
__end_of_clcd_putch      text3        2EB2
__end_of_clcd_write      text4        2F00
__end_of_init_clcd       text2        2F60
__end_of_main            text0        3000
__end_of_my_strlen       text1        2F2A
__initialization         cinit        2EB2
__mediumconst            mediumconst  0000
__pcinit                 cinit        2EB2
__pcstackCOMRAM          cstackCOMRAM 0001
__pdataCOMRAM            dataCOMRAM   0011
__pidataCOMRAM           idataCOMRAM  2E8E
__ptext0                 text0        2F60
__ptext1                 text1        2F00
__ptext2                 text2        2F2A
__ptext3                 text3        2E9A
__ptext4                 text4        2ED8
__ramtop                 ramtop       0600
__size_of_clcd_putch     (abs)        0000
__size_of_clcd_write     (abs)        0000
__size_of_init_clcd      (abs)        0000
__size_of_main           (abs)        0000
__size_of_my_strlen      (abs)        0000
__smallconst             smallconst   0000
_clcd_putch              text3        2E9A
_clcd_write              text4        2ED8
_init_clcd               text2        2F2A
_main                    text0        2F60
_my_strlen               text1        2F00
_str                     dataCOMRAM   0011
clcd_putch@addr          cstackCOMRAM 0003
clcd_putch@data          cstackCOMRAM 0004
clcd_write@byte          cstackCOMRAM 0002
clcd_write@control_bit   cstackCOMRAM 0001
end_of_initialization    cinit        2ED2
intlevel0                text         0000
intlevel1                text         0000
intlevel2                text         0000
intlevel3                text         0000
main@delay               cstackCOMRAM 000B
main@disp_index          cstackCOMRAM 000D
main@reduce              cstackCOMRAM 0007
main@str_index           cstackCOMRAM 000F
main@str_len             cstackCOMRAM 0009
my_strlen@letter_count   cstackCOMRAM 0003
my_strlen@s              cstackCOMRAM 0001
stackhi                  (abs)        05FF
stacklo                  (abs)        0060
start                    init         0000
start_initialization     cinit        2EB2


FUNCTION INFORMATION:

 *************** function _main *****************
 Defined at:
		line 17 in file "main.c"
 Parameters:    Size  Location     Type
		None
 Auto vars:     Size  Location     Type
  str_index       2   14[COMRAM] unsigned short 
  disp_index      2   12[COMRAM] unsigned short 
  delay           2   10[COMRAM] unsigned short 
  str_len         2    8[COMRAM] unsigned short 
  reduce          2    6[COMRAM] short 
 Return value:  Size  Location     Type
                  1    wreg      void 
 Registers used:
		wreg, fsr2l, fsr2h, status,2, status,0, cstack
 Tracked objects:
		On entry : 
		On exit  : 
		Unchanged: 
 Data sizes:     COMRAM   BANK0   BANK1   BANK2   BANK3   BANK4   BANK5
      Params:         0       0       0       0       0       0       0
      Locals:        10       0       0       0       0       0       0
      Temps:          2       0       0       0       0       0       0
      Totals:        12       0       0       0       0       0       0
Total ram usage:       12 bytes
 Hardware stack levels required when called:    2
 This function calls:
		_clcd_putch
		_clcd_write
		_init_clcd
		_my_strlen
 This function is called by:
		Startup code after reset
 This function uses a non-reentrant model


 *************** function _my_strlen *****************
 Defined at:
		line 7 in file "main.c"
 Parameters:    Size  Location     Type
  s               2    0[COMRAM] PTR const unsigned char 
		 -> str(12), 
 Auto vars:     Size  Location     Type
  letter_count    2    2[COMRAM] unsigned short 
 Return value:  Size  Location     Type
                  2    0[COMRAM] unsigned short 
 Registers used:
		wreg, fsr2l, fsr2h, status,2, status,0
 Tracked objects:
		On entry : 
		On exit  : 
		Unchanged: 
 Data sizes:     COMRAM   BANK0   BANK1   BANK2   BANK3   BANK4   BANK5
      Params:         2       0       0       0       0       0       0
      Locals:         2       0       0       0       0       0       0
      Temps:          0       0       0       0       0       0       0
      Totals:         4       0       0       0       0       0       0
Total ram usage:        4 bytes
 Hardware stack levels used:    1
 This function calls:
		Nothing
 This function is called by:
		_main
 This function uses a non-reentrant model


 *************** function _init_clcd *****************
 Defined at:
		line 26 in file "clcd.c"
 Parameters:    Size  Location     Type
		None
 Auto vars:     Size  Location     Type
		None
 Return value:  Size  Location     Type
                  1    wreg      void 
 Registers used:
		wreg, status,2, status,0, cstack
 Tracked objects:
		On entry : 
		On exit  : 
		Unchanged: 
 Data sizes:     COMRAM   BANK0   BANK1   BANK2   BANK3   BANK4   BANK5
      Params:         0       0       0       0       0       0       0
      Locals:         0       0       0       0       0       0       0
      Temps:          0       0       0       0       0       0       0
      Totals:         0       0       0       0       0       0       0
Total ram usage:        0 bytes
 Hardware stack levels used:    1
 Hardware stack levels required when called:    1
 This function calls:
		_clcd_write
 This function is called by:
		_main
 This function uses a non-reentrant model


 *************** function _clcd_putch *****************
 Defined at:
		line 50 in file "clcd.c"
 Parameters:    Size  Location     Type
  data            1    wreg     const unsigned char 
  addr            1    2[COMRAM] unsigned char 
 Auto vars:     Size  Location     Type
  data            1    3[COMRAM] const unsigned char 
 Return value:  Size  Location     Type
                  1    wreg      void 
 Registers used:
		wreg, status,2, cstack
 Tracked objects:
		On entry : 
		On exit  : 
		Unchanged: 
 Data sizes:     COMRAM   BANK0   BANK1   BANK2   BANK3   BANK4   BANK5
      Params:         1       0       0       0       0       0       0
      Locals:         1       0       0       0       0       0       0
      Temps:          0       0       0       0       0       0       0
      Totals:         2       0       0       0       0       0       0
Total ram usage:        2 bytes
 Hardware stack levels used:    1
 Hardware stack levels required when called:    1
 This function calls:
		_clcd_write
 This function is called by:
		_main
 This function uses a non-reentrant model


 *************** function _clcd_write *****************
 Defined at:
		line 3 in file "clcd.c"
 Parameters:    Size  Location     Type
  byte            1    wreg     unsigned char 
  control_bit     1    0[COMRAM] unsigned char 
 Auto vars:     Size  Location     Type
  byte            1    1[COMRAM] unsigned char 
 Return value:  Size  Location     Type
                  1    wreg      void 
 Registers used:
		wreg
 Tracked objects:
		On entry : 
		On exit  : 
		Unchanged: 
 Data sizes:     COMRAM   BANK0   BANK1   BANK2   BANK3   BANK4   BANK5
      Params:         1       0       0       0       0       0       0
      Locals:         1       0       0       0       0       0       0
      Temps:          0       0       0       0       0       0       0
      Totals:         2       0       0       0       0       0       0
Total ram usage:        2 bytes
 Hardware stack levels used:    1
 This function calls:
		Nothing
 This function is called by:
		_init_clcd
		_clcd_putch
		_main
		_clcd_print
 This function uses a non-reentrant model



MODULE INFORMATION

Module		Function		Class		Link	Load	Size
shared
		__initialization		CODE           	2EB2	0000	33

shared estimated size: 33

clcd.c
		_clcd_write    		CODE           	2ED8	0000	41
		_clcd_putch    		CODE           	2E9A	0000	25
		_init_clcd     		CODE           	2F2A	0000	55

clcd.c estimated size: 121

main.c
		_my_strlen     		CODE           	2F00	0000	43
		_main          		CODE           	2F60	0000	161

main.c estimated size: 204

