Microchip MPLAB XC8 Compiler V1.36 ()

Linker command line:

--edf=/opt/microchip/xc8/v1.36/dat/en_msgs.txt -cs -h+pic18F4580.sym \
  --cmf=pic18F4580.cmf -z -Q18F4580 -o/tmp/xcXmUJ3G0 -Mpic18F4580.map \
  -ver=XC8 -ASTACK=060h-05ffh -pstack=STACK -ACODE=00h-03000h \
  -ACONST=00h-03000h -ASMALLCONST=0600h-06FFhx42,03000h-03000h \
  -AMEDIUMCONST=0600h-03000h -ACOMRAM=01h-05Fh -AABS1=00h-05FFh \
  -ABIGRAM=01h-05FFh -ARAM=060h-0FFh,0100h-01FFhx5 -ABANK0=060h-0FFh \
  -ABANK1=0100h-01FFh -ABANK2=0200h-02FFh -ABANK3=0300h-03FFh \
  -ABANK4=0400h-04FFh -ABANK5=0500h-05FFh \
  -ASFR=0D00h-0DFFhx2,0F00h-0F5Fh,0F60h-0FFFh \
  -preset_vec=00h,intcode,intcodelo,powerup,init,end_init -pramtop=0600h \
  -psmallconst=SMALLCONST -pmediumconst=MEDIUMCONST -pconst=CONST \
  -AFARRAM=00h-00h -ACONFIG=0300000h-030000Dh -pconfig=CONFIG \
  -AIDLOC=0200000h-0200007h -pidloc=IDLOC -AEEDATA=0F00000h-0F000FFh \
  -peeprom_data=EEDATA \
  -prdata=COMRAM,nvrram=COMRAM,nvbit=COMRAM,rbss=COMRAM,rbit=COMRAM \
  -pfarbss=FARRAM,fardata=FARRAM,nvFARRAM=FARRAM \
  -pintsave_regs=BIGRAM,bigbss=BIGRAM,bigdata=BIGRAM -pbss=RAM \
  -pidata=CODE,irdata=CODE,ibigdata=CODE,ifardata=CODE -prparam=COMRAM \
  startup.obj pic18F4580.obj 

Object code version is 3.11

Machine type is 18F4580

Call graph: (short form)




                Name                               Link     Load   Length Selector   Space Scale
startup.obj     end_init                              0        0        4        0       0
pic18F4580.obj  text12                             2CE0     2CE0       22     1670       0
                text11                             2CB2     2CB2       10     1659       0
                text10                             2D50     2D50       36     16A8       0
                text9                              2D02     2D02       24     1681       0
                text8                              2ED6     2ED6       62     176B       0
                text7                              2C98     2C98        C     164C       0
                text6                              2E84     2E84       52     1742       0
                text5                              2DF8     2DF8       42     16FC       0
                text4                              2CC2     2CC2       1E     1661       0
                text3                              2F38     2F38       C8     179C       0
                text2                              2DBC     2DBC       3C     16DE       0
                text1                              2D86     2D86       36     16C3       0
                text0                              2E3A     2E3A       4A     171D       0
                cstackCOMRAM                          1        1       21        1       1
                dataCOMRAM                           22       22        E        1       1
                bssCOMRAM                            30       30        2        1       1
                cinit                              2D26     2D26       2A     1693       0
                idataCOMRAM                        2CA4     2CA4        E     2CA4       0

TOTAL           Name                               Link     Load   Length     Space
        CLASS   STACK          

        CLASS   CODE           
                end_init                              0        0        4         0
                text12                             2CE0     2CE0       22         0
                text11                             2CB2     2CB2       10         0
                text10                             2D50     2D50       36         0
                text9                              2D02     2D02       24         0
                text8                              2ED6     2ED6       62         0
                text7                              2C98     2C98        C         0
                text6                              2E84     2E84       52         0
                text5                              2DF8     2DF8       42         0
                text4                              2CC2     2CC2       1E         0
                text3                              2F38     2F38       C8         0
                text2                              2DBC     2DBC       3C         0
                text1                              2D86     2D86       36         0
                text0                              2E3A     2E3A       4A         0
                cinit                              2D26     2D26       2A         0
                idataCOMRAM                        2CA4     2CA4        E         0

        CLASS   CONST          

        CLASS   SMALLCONST     

        CLASS   MEDIUMCONST    

        CLASS   COMRAM         
                cstackCOMRAM                          1        1       21         1
                dataCOMRAM                           22       22        E         1
                bssCOMRAM                            30       30        2         1

        CLASS   ABS1           

        CLASS   BIGRAM         

        CLASS   RAM            

        CLASS   BANK0          

        CLASS   BANK1          

        CLASS   BANK2          

        CLASS   BANK3          

        CLASS   BANK4          

        CLASS   BANK5          

        CLASS   SFR            

        CLASS   FARRAM         

        CLASS   CONFIG         

        CLASS   IDLOC          

        CLASS   EEDATA         



SEGMENTS        Name                           Load    Length   Top    Selector   Space  Class

                reset_vec                      000000  000004  000004         0       0  CODE    
                cstackCOMRAM                   000001  000031  000032         1       1  COMRAM  
                text7                          002C98  00000C  002CA4      164C       0  CODE    
                idataCOMRAM                    002CA4  00000E  002CB2      2CA4       0  CODE    
                text11                         002CB2  000010  002CC2      1659       0  CODE    
                text4                          002CC2  00001E  002CE0      1661       0  CODE    
                text12                         002CE0  000022  002D02      1670       0  CODE    
                text9                          002D02  000024  002D26      1681       0  CODE    
                cinit                          002D26  00002A  002D50      1693       0  CODE    
                text10                         002D50  000036  002D86      16A8       0  CODE    
                text1                          002D86  000036  002DBC      16C3       0  CODE    
                text2                          002DBC  00003C  002DF8      16DE       0  CODE    
                text5                          002DF8  000042  002E3A      16FC       0  CODE    
                text0                          002E3A  00004A  002E84      171D       0  CODE    
                text6                          002E84  000052  002ED6      1742       0  CODE    
                text8                          002ED6  000062  002F38      176B       0  CODE    
                text3                          002F38  0000C8  003000      179C       0  CODE    


UNUSED ADDRESS RANGES

        Name                Unused          Largest block    Delta
        BANK0            0060-00FF             A0
        BANK1            0100-01FF            100
        BANK2            0200-02FF            100
        BANK3            0300-03FF            100
        BANK4            0400-04FF            100
        BANK5            0500-05FF            100
        BIGRAM           0032-05FF            5CE
        CODE             0004-2C97           2C94
                         3000-3000              1
        COMRAM           0032-005F             2E
        CONFIG           300000-30000D              E
        CONST            0004-2C97           2C94
                         3000-3000              1
        EEDATA           F00000-F000FF            100
        IDLOC            200000-200007              8
        MEDIUMCONST      0600-2C97           2698
                         3000-3000              1
        RAM              0060-05FF            100
        SFR              0D00-0FFF            100
        SMALLCONST       0600-2C97            100
                         3000-3000              1
        STACK            0060-05FF            5A0

                                  Symbol Table

?___lwdiv                  cstackCOMRAM 0001
?___lwmod                  cstackCOMRAM 0001
?_adc                      cstackCOMRAM 0001
_ADCON0                    (abs)        0FC2
_ADCON0bits                (abs)        0FC2
_ADCON1                    (abs)        0FC1
_ADCON2                    (abs)        0FC0
_ADRESH                    (abs)        0FC4
_ADRESL                    (abs)        0FC3
_AN4                       (abs)        7C05
_PORTBbits                 (abs)        0F81
_PORTCbits                 (abs)        0F82
_PORTD                     (abs)        0F83
_PORTDbits                 (abs)        0F83
_TRISB0                    (abs)        7C98
_TRISC                     (abs)        0F94
_TRISD                     (abs)        0F95
_TRISDbits                 (abs)        0F95
__HRAM                     (abs)        0000
__Habs1                    abs1         0000
__Hbank0                   bank0        0000
__Hbank1                   bank1        0000
__Hbank2                   bank2        0000
__Hbank3                   bank3        0000
__Hbank4                   bank4        0000
__Hbank5                   bank5        0000
__Hbigbss                  bigbss       0000
__Hbigdata                 bigdata      0000
__Hbigram                  bigram       0000
__Hbss                     bss          0000
__HbssCOMRAM               bssCOMRAM    0000
__Hcinit                   cinit        0000
__Hclrtext                 clrtext      0000
__Hcomram                  comram       0000
__Hconfig                  config       0000
__Hconst                   const        0000
__HcstackCOMRAM            cstackCOMRAM 0000
__Hdata                    data         0000
__HdataCOMRAM              dataCOMRAM   0000
__Heeprom_data             eeprom_data  0000
__Hend_init                end_init     0004
__Hfarbss                  farbss       0000
__Hfardata                 fardata      0000
__Hibigdata                ibigdata     0000
__Hidata                   idata        0000
__HidataCOMRAM             idataCOMRAM  0000
__Hidloc                   idloc        0000
__Hifardata                ifardata     0000
__Hinit                    init         0000
__Hintcode                 intcode      0000
__Hintcode_body            intcode_body 0000
__Hintcodelo               intcodelo    0000
__Hintentry                intentry     0000
__Hintret                  intret       0000
__Hintsave_regs            intsave_regs 0000
__Hirdata                  irdata       0000
__Hmediumconst             mediumconst  0000
__HnvFARRAM                nvFARRAM     0000
__Hnvbit                   nvbit        0000
__Hnvrram                  nvrram       0000
__Hparam                   rparam       0000
__Hpowerup                 powerup      0000
__Hram                     ram          0000
__Hramtop                  ramtop       0600
__Hrbit                    rbit         0000
__Hrbss                    rbss         0000
__Hrdata                   rdata        0000
__Hreset_vec               reset_vec    0000
__Hrparam                  rparam       0000
__Hsfr                     sfr          0000
__Hsmallconst              smallconst   0000
__Hspace_0                 (abs)        3000
__Hspace_1                 (abs)        0032
__Hspace_2                 (abs)        0000
__Hstack                   stack        0000
__Hstruct                  struct       0000
__Htemp                    temp         0000
__Htext                    text         0000
__Htext0                   text0        0000
__Htext1                   text1        0000
__Htext10                  text10       0000
__Htext11                  text11       0000
__Htext12                  text12       0000
__Htext2                   text2        0000
__Htext3                   text3        0000
__Htext4                   text4        0000
__Htext5                   text5        0000
__Htext6                   text6        0000
__Htext7                   text7        0000
__Htext8                   text8        0000
__Htext9                   text9        0000
__LRAM                     (abs)        0001
__Labs1                    abs1         0000
__Lbank0                   bank0        0000
__Lbank1                   bank1        0000
__Lbank2                   bank2        0000
__Lbank3                   bank3        0000
__Lbank4                   bank4        0000
__Lbank5                   bank5        0000
__Lbigbss                  bigbss       0000
__Lbigdata                 bigdata      0000
__Lbigram                  bigram       0000
__Lbss                     bss          0000
__LbssCOMRAM               bssCOMRAM    0000
__Lcinit                   cinit        0000
__Lclrtext                 clrtext      0000
__Lcomram                  comram       0000
__Lconfig                  config       0000
__Lconst                   const        0000
__LcstackCOMRAM            cstackCOMRAM 0000
__Ldata                    data         0000
__LdataCOMRAM              dataCOMRAM   0000
__Leeprom_data             eeprom_data  0000
__Lend_init                end_init     0000
__Lfarbss                  farbss       0000
__Lfardata                 fardata      0000
__Libigdata                ibigdata     0000
__Lidata                   idata        0000
__LidataCOMRAM             idataCOMRAM  0000
__Lidloc                   idloc        0000
__Lifardata                ifardata     0000
__Linit                    init         0000
__Lintcode                 intcode      0000
__Lintcode_body            intcode_body 0000
__Lintcodelo               intcodelo    0000
__Lintentry                intentry     0000
__Lintret                  intret       0000
__Lintsave_regs            intsave_regs 0000
__Lirdata                  irdata       0000
__Lmediumconst             mediumconst  0000
__LnvFARRAM                nvFARRAM     0000
__Lnvbit                   nvbit        0000
__Lnvrram                  nvrram       0000
__Lparam                   rparam       0000
__Lpowerup                 powerup      0000
__Lram                     ram          0000
__Lramtop                  ramtop       0600
__Lrbit                    rbit         0000
__Lrbss                    rbss         0000
__Lrdata                   rdata        0000
__Lreset_vec               reset_vec    0000
__Lrparam                  rparam       0000
__Lsfr                     sfr          0000
__Lsmallconst              smallconst   0000
__Lspace_0                 (abs)        0000
__Lspace_1                 (abs)        0000
__Lspace_2                 (abs)        0000
__Lstack                   stack        0000
__Lstruct                  struct       0000
__Ltemp                    temp         0000
__Ltext                    text         0000
__Ltext0                   text0        0000
__Ltext1                   text1        0000
__Ltext10                  text10       0000
__Ltext11                  text11       0000
__Ltext12                  text12       0000
__Ltext2                   text2        0000
__Ltext3                   text3        0000
__Ltext4                   text4        0000
__Ltext5                   text5        0000
__Ltext6                   text6        0000
__Ltext7                   text7        0000
__Ltext8                   text8        0000
__Ltext9                   text9        0000
__S0                       (abs)        3000
__S1                       (abs)        0032
__S2                       (abs)        0000
___inthi_sp                stack        0000
___intlo_sp                stack        0000
___lwdiv                   text6        2E84
___lwdiv@counter           cstackCOMRAM 0007
___lwdiv@dividend          cstackCOMRAM 0001
___lwdiv@divisor           cstackCOMRAM 0003
___lwdiv@quotient          cstackCOMRAM 0005
___lwmod                   text5        2DF8
___lwmod@counter           cstackCOMRAM 0005
___lwmod@dividend          cstackCOMRAM 0001
___lwmod@divisor           cstackCOMRAM 0003
___param_bank              (abs)        0010
___rparam_used             (abs)        0001
___sp                      stack        0000
__accesstop                (abs)        0060
__activetblptr             (abs)        0000
__end_of___lwdiv           text6        2ED6
__end_of___lwmod           text5        2E3A
__end_of__initialization   cinit        2D4A
__end_of_adc               text12       2D02
__end_of_delay             text10       2D86
__end_of_init_ADC_config   text11       2CC2
__end_of_init_CLCD_config  text8        2F38
__end_of_init_config       text7        2CA4
__end_of_is_busy           text4        2CE0
__end_of_itoa_display      text3        3000
__end_of_main              text0        2E84
__end_of_puts              text2        2DF8
__end_of_software_pwm      text1        2DBC
__end_of_write_lcd         text9        2D26
__initialization           cinit        2D26
__mediumconst              mediumconst  0000
__pbssCOMRAM               bssCOMRAM    0030
__pcinit                   cinit        2D26
__pcstackCOMRAM            cstackCOMRAM 0001
__pdataCOMRAM              dataCOMRAM   0022
__pidataCOMRAM             idataCOMRAM  2CA4
__ptext0                   text0        2E3A
__ptext1                   text1        2D86
__ptext10                  text10       2D50
__ptext11                  text11       2CB2
__ptext12                  text12       2CE0
__ptext2                   text2        2DBC
__ptext3                   text3        2F38
__ptext4                   text4        2CC2
__ptext5                   text5        2DF8
__ptext6                   text6        2E84
__ptext7                   text7        2C98
__ptext8                   text8        2ED6
__ptext9                   text9        2D02
__ramtop                   ramtop       0600
__size_of___lwdiv          (abs)        0000
__size_of___lwmod          (abs)        0000
__size_of_adc              (abs)        0000
__size_of_delay            (abs)        0000
__size_of_init_ADC_config  (abs)        0000
__size_of_init_CLCD_config (abs)        0000
__size_of_init_config      (abs)        0000
__size_of_is_busy          (abs)        0000
__size_of_itoa_display     (abs)        0000
__size_of_main             (abs)        0000
__size_of_puts             (abs)        0000
__size_of_software_pwm     (abs)        0000
__size_of_write_lcd        (abs)        0000
__smallconst               smallconst   0000
_adc                       text12       2CE0
_delay                     text10       2D50
_init_ADC_config           text11       2CB2
_init_CLCD_config          text8        2ED6
_init_config               text7        2C98
_is_busy                   text4        2CC2
_itoa_display              text3        2F38
_main                      text0        2E3A
_puts                      text2        2DBC
_software_pwm              text1        2D86
_write_lcd                 text9        2D02
adc@data                   cstackCOMRAM 0005
delay@i                    cstackCOMRAM 0003
delay@j                    cstackCOMRAM 0005
delay@time                 cstackCOMRAM 0001
end_of_initialization      cinit        2D4A
intlevel0                  text         0000
intlevel1                  text         0000
intlevel2                  text         0000
intlevel3                  text         0000
itoa_display@array         cstackCOMRAM 000B
itoa_display@data          cstackCOMRAM 0009
itoa_display@k             cstackCOMRAM 0010
main@F15950                dataCOMRAM   0022
main@data                  cstackCOMRAM 0020
main@message               cstackCOMRAM 0012
puts@location              cstackCOMRAM 000B
puts@ptr                   cstackCOMRAM 0009
software_pwm@data          cstackCOMRAM 0001
software_pwm@prog_cycle    bssCOMRAM    0030
stackhi                    (abs)        05FF
stacklo                    (abs)        0060
start                      init         0000
start_initialization       cinit        2D26
write_lcd@data             cstackCOMRAM 0008
write_lcd@mode             cstackCOMRAM 0007


FUNCTION INFORMATION:

 *************** function _main *****************
 Defined at:
		line 21 in file "main.c"
 Parameters:    Size  Location     Type
		None
 Auto vars:     Size  Location     Type
  message        14   17[COMRAM] unsigned char [14]
  data            2   31[COMRAM] unsigned short 
 Return value:  Size  Location     Type
                  1    wreg      void 
 Registers used:
		wreg, fsr1l, fsr1h, fsr2l, fsr2h, status,2, status,0, cstack
 Tracked objects:
		On entry : 
		On exit  : 
		Unchanged: 
 Data sizes:     COMRAM   BANK0   BANK1   BANK2   BANK3   BANK4   BANK5
      Params:         0       0       0       0       0       0       0
      Locals:        16       0       0       0       0       0       0
      Temps:          0       0       0       0       0       0       0
      Totals:        16       0       0       0       0       0       0
Total ram usage:       16 bytes
 Hardware stack levels required when called:    4
 This function calls:
		_adc
		_init_config
		_itoa_display
		_puts
		_software_pwm
 This function is called by:
		Startup code after reset
 This function uses a non-reentrant model


 *************** function _software_pwm *****************
 Defined at:
		line 10 in file "main.c"
 Parameters:    Size  Location     Type
  data            2    0[COMRAM] unsigned short 
 Auto vars:     Size  Location     Type
		None
 Return value:  Size  Location     Type
                  1    wreg      void 
 Registers used:
		wreg, status,2, status,0
 Tracked objects:
		On entry : 
		On exit  : 
		Unchanged: 
 Data sizes:     COMRAM   BANK0   BANK1   BANK2   BANK3   BANK4   BANK5
      Params:         2       0       0       0       0       0       0
      Locals:         0       0       0       0       0       0       0
      Temps:          1       0       0       0       0       0       0
      Totals:         3       0       0       0       0       0       0
Total ram usage:        3 bytes
 Hardware stack levels used:    1
 This function calls:
		Nothing
 This function is called by:
		_main
 This function uses a non-reentrant model


 *************** function _puts *****************
 Defined at:
		line 28 in file "clcd.c"
 Parameters:    Size  Location     Type
  location        1    wreg     unsigned char 
  ptr             2    8[COMRAM] PTR const unsigned char 
		 -> main@message(14), 
 Auto vars:     Size  Location     Type
  location        1   10[COMRAM] unsigned char 
 Return value:  Size  Location     Type
                  1    wreg      void 
 Registers used:
		wreg, fsr2l, fsr2h, status,2, status,0, cstack
 Tracked objects:
		On entry : 
		On exit  : 
		Unchanged: 
 Data sizes:     COMRAM   BANK0   BANK1   BANK2   BANK3   BANK4   BANK5
      Params:         2       0       0       0       0       0       0
      Locals:         1       0       0       0       0       0       0
      Temps:          0       0       0       0       0       0       0
      Totals:         3       0       0       0       0       0       0
Total ram usage:        3 bytes
 Hardware stack levels used:    1
 Hardware stack levels required when called:    2
 This function calls:
		_is_busy
		_write_lcd
 This function is called by:
		_main
 This function uses a non-reentrant model


 *************** function _itoa_display *****************
 Defined at:
		line 3 in file "itoa_display.c"
 Parameters:    Size  Location     Type
  data            2    8[COMRAM] unsigned short 
 Auto vars:     Size  Location     Type
  array           5   10[COMRAM] unsigned char [5]
  k               2   15[COMRAM] int 
 Return value:  Size  Location     Type
                  1    wreg      void 
 Registers used:
		wreg, fsr2l, fsr2h, status,2, status,0, cstack
 Tracked objects:
		On entry : 
		On exit  : 
		Unchanged: 
 Data sizes:     COMRAM   BANK0   BANK1   BANK2   BANK3   BANK4   BANK5
      Params:         2       0       0       0       0       0       0
      Locals:         7       0       0       0       0       0       0
      Temps:          0       0       0       0       0       0       0
      Totals:         9       0       0       0       0       0       0
Total ram usage:        9 bytes
 Hardware stack levels used:    1
 Hardware stack levels required when called:    2
 This function calls:
		___lwdiv
		___lwmod
		_is_busy
		_write_lcd
 This function is called by:
		_main
 This function uses a non-reentrant model


 *************** function _is_busy *****************
 Defined at:
		line 11 in file "clcd.c"
 Parameters:    Size  Location     Type
		None
 Auto vars:     Size  Location     Type
		None
 Return value:  Size  Location     Type
                  1    wreg      void 
 Registers used:
		wreg, status,2, status,0, cstack
 Tracked objects:
		On entry : 
		On exit  : 
		Unchanged: 
 Data sizes:     COMRAM   BANK0   BANK1   BANK2   BANK3   BANK4   BANK5
      Params:         0       0       0       0       0       0       0
      Locals:         0       0       0       0       0       0       0
      Temps:          0       0       0       0       0       0       0
      Totals:         0       0       0       0       0       0       0
Total ram usage:        0 bytes
 Hardware stack levels used:    1
 Hardware stack levels required when called:    1
 This function calls:
		_delay
 This function is called by:
		_puts
		_itoa_display
		_putchar
 This function uses a non-reentrant model


 *************** function ___lwmod *****************
 Defined at:
		line 8 in file "/opt/microchip/xc8/v1.36/sources/common/lwmod.c"
 Parameters:    Size  Location     Type
  dividend        2    0[COMRAM] unsigned int 
  divisor         2    2[COMRAM] unsigned int 
 Auto vars:     Size  Location     Type
  counter         1    4[COMRAM] unsigned char 
 Return value:  Size  Location     Type
                  2    0[COMRAM] unsigned int 
 Registers used:
		wreg, status,2, status,0
 Tracked objects:
		On entry : 
		On exit  : 
		Unchanged: 
 Data sizes:     COMRAM   BANK0   BANK1   BANK2   BANK3   BANK4   BANK5
      Params:         4       0       0       0       0       0       0
      Locals:         1       0       0       0       0       0       0
      Temps:          0       0       0       0       0       0       0
      Totals:         5       0       0       0       0       0       0
Total ram usage:        5 bytes
 Hardware stack levels used:    1
 This function calls:
		Nothing
 This function is called by:
		_itoa_display
 This function uses a non-reentrant model


 *************** function ___lwdiv *****************
 Defined at:
		line 8 in file "/opt/microchip/xc8/v1.36/sources/common/lwdiv.c"
 Parameters:    Size  Location     Type
  dividend        2    0[COMRAM] unsigned int 
  divisor         2    2[COMRAM] unsigned int 
 Auto vars:     Size  Location     Type
  quotient        2    4[COMRAM] unsigned int 
  counter         1    6[COMRAM] unsigned char 
 Return value:  Size  Location     Type
                  2    0[COMRAM] unsigned int 
 Registers used:
		wreg, status,2, status,0
 Tracked objects:
		On entry : 
		On exit  : 
		Unchanged: 
 Data sizes:     COMRAM   BANK0   BANK1   BANK2   BANK3   BANK4   BANK5
      Params:         4       0       0       0       0       0       0
      Locals:         3       0       0       0       0       0       0
      Temps:          0       0       0       0       0       0       0
      Totals:         7       0       0       0       0       0       0
Total ram usage:        7 bytes
 Hardware stack levels used:    1
 This function calls:
		Nothing
 This function is called by:
		_itoa_display
 This function uses a non-reentrant model


 *************** function _init_config *****************
 Defined at:
		line 3 in file "main.c"
 Parameters:    Size  Location     Type
		None
 Auto vars:     Size  Location     Type
		None
 Return value:  Size  Location     Type
                  1    wreg      void 
 Registers used:
		wreg, status,2, status,0, cstack
 Tracked objects:
		On entry : 
		On exit  : 
		Unchanged: 
 Data sizes:     COMRAM   BANK0   BANK1   BANK2   BANK3   BANK4   BANK5
      Params:         0       0       0       0       0       0       0
      Locals:         0       0       0       0       0       0       0
      Temps:          0       0       0       0       0       0       0
      Totals:         0       0       0       0       0       0       0
Total ram usage:        0 bytes
 Hardware stack levels used:    1
 Hardware stack levels required when called:    3
 This function calls:
		_init_ADC_config
		_init_CLCD_config
 This function is called by:
		_main
 This function uses a non-reentrant model


 *************** function _init_CLCD_config *****************
 Defined at:
		line 3 in file "init_CLCD_config.c"
 Parameters:    Size  Location     Type
		None
 Auto vars:     Size  Location     Type
		None
 Return value:  Size  Location     Type
                  1    wreg      void 
 Registers used:
		wreg, status,2, status,0, cstack
 Tracked objects:
		On entry : 
		On exit  : 
		Unchanged: 
 Data sizes:     COMRAM   BANK0   BANK1   BANK2   BANK3   BANK4   BANK5
      Params:         0       0       0       0       0       0       0
      Locals:         0       0       0       0       0       0       0
      Temps:          0       0       0       0       0       0       0
      Totals:         0       0       0       0       0       0       0
Total ram usage:        0 bytes
 Hardware stack levels used:    1
 Hardware stack levels required when called:    2
 This function calls:
		_delay
		_write_lcd
 This function is called by:
		_init_config
 This function uses a non-reentrant model


 *************** function _write_lcd *****************
 Defined at:
		line 3 in file "clcd.c"
 Parameters:    Size  Location     Type
  data            1    wreg     unsigned char 
  mode            1    6[COMRAM] unsigned char 
 Auto vars:     Size  Location     Type
  data            1    7[COMRAM] unsigned char 
 Return value:  Size  Location     Type
                  1    wreg      void 
 Registers used:
		wreg, status,2, status,0, cstack
 Tracked objects:
		On entry : 
		On exit  : 
		Unchanged: 
 Data sizes:     COMRAM   BANK0   BANK1   BANK2   BANK3   BANK4   BANK5
      Params:         1       0       0       0       0       0       0
      Locals:         1       0       0       0       0       0       0
      Temps:          0       0       0       0       0       0       0
      Totals:         2       0       0       0       0       0       0
Total ram usage:        2 bytes
 Hardware stack levels used:    1
 Hardware stack levels required when called:    1
 This function calls:
		_delay
 This function is called by:
		_puts
		_init_CLCD_config
		_itoa_display
		_putchar
 This function uses a non-reentrant model


 *************** function _delay *****************
 Defined at:
		line 3 in file "delay.c"
 Parameters:    Size  Location     Type
  time            2    0[COMRAM] unsigned int 
 Auto vars:     Size  Location     Type
  j               2    4[COMRAM] unsigned int 
  i               2    2[COMRAM] unsigned int 
 Return value:  Size  Location     Type
                  1    wreg      void 
 Registers used:
		wreg, status,2, status,0
 Tracked objects:
		On entry : 
		On exit  : 
		Unchanged: 
 Data sizes:     COMRAM   BANK0   BANK1   BANK2   BANK3   BANK4   BANK5
      Params:         2       0       0       0       0       0       0
      Locals:         4       0       0       0       0       0       0
      Temps:          0       0       0       0       0       0       0
      Totals:         6       0       0       0       0       0       0
Total ram usage:        6 bytes
 Hardware stack levels used:    1
 This function calls:
		Nothing
 This function is called by:
		_write_lcd
		_is_busy
		_init_CLCD_config
 This function uses a non-reentrant model


 *************** function _init_ADC_config *****************
 Defined at:
		line 3 in file "init_ADC_config.c"
 Parameters:    Size  Location     Type
		None
 Auto vars:     Size  Location     Type
		None
 Return value:  Size  Location     Type
                  1    wreg      void 
 Registers used:
		wreg, status,2
 Tracked objects:
		On entry : 
		On exit  : 
		Unchanged: 
 Data sizes:     COMRAM   BANK0   BANK1   BANK2   BANK3   BANK4   BANK5
      Params:         0       0       0       0       0       0       0
      Locals:         0       0       0       0       0       0       0
      Temps:          0       0       0       0       0       0       0
      Totals:         0       0       0       0       0       0       0
Total ram usage:        0 bytes
 Hardware stack levels used:    1
 This function calls:
		Nothing
 This function is called by:
		_init_config
 This function uses a non-reentrant model


 *************** function _adc *****************
 Defined at:
		line 3 in file "adc.c"
 Parameters:    Size  Location     Type
		None
 Auto vars:     Size  Location     Type
  data            2    4[COMRAM] unsigned short 
 Return value:  Size  Location     Type
                  2    0[COMRAM] unsigned short 
 Registers used:
		wreg, status,2
 Tracked objects:
		On entry : 
		On exit  : 
		Unchanged: 
 Data sizes:     COMRAM   BANK0   BANK1   BANK2   BANK3   BANK4   BANK5
      Params:         2       0       0       0       0       0       0
      Locals:         2       0       0       0       0       0       0
      Temps:          2       0       0       0       0       0       0
      Totals:         6       0       0       0       0       0       0
Total ram usage:        6 bytes
 Hardware stack levels used:    1
 This function calls:
		Nothing
 This function is called by:
		_main
 This function uses a non-reentrant model



MODULE INFORMATION

Module		Function		Class		Link	Load	Size
delay.c
		_delay         		CODE           	2D50	0000	55

delay.c estimated size: 55

itoa_display.c
		_itoa_display  		CODE           	2F38	0000	201

itoa_display.c estimated size: 201

init_ADC_config.c
		_init_ADC_config		CODE           	2CB2	0000	17

init_ADC_config.c estimated size: 17

adc.c
		_adc           		CODE           	2CE0	0000	35

adc.c estimated size: 35

init_CLCD_config.c
		_init_CLCD_config		CODE           	2ED6	0000	99

init_CLCD_config.c estimated size: 99

/opt/microchip/xc8/v1.36/sources/common/lwmod.c
		___lwmod       		CODE           	2DF8	0000	67

/opt/microchip/xc8/v1.36/sources/common/lwmod.c estimated size: 67

shared
		__initialization		CODE           	2D26	0000	37

shared estimated size: 37

clcd.c
		_is_busy       		CODE           	2CC2	0000	31
		_write_lcd     		CODE           	2D02	0000	37
		_puts          		CODE           	2DBC	0000	61

clcd.c estimated size: 129

main.c
		_main          		CODE           	2E3A	0000	75
		_software_pwm  		CODE           	2D86	0000	55
		_init_config   		CODE           	2C98	0000	13

main.c estimated size: 143

/opt/microchip/xc8/v1.36/sources/common/lwdiv.c
		___lwdiv       		CODE           	2E84	0000	83

/opt/microchip/xc8/v1.36/sources/common/lwdiv.c estimated size: 83

