Microchip MPLAB XC8 Compiler V1.36 ()

Linker command line:

--edf=/opt/microchip/xc8/v1.36/dat/en_msgs.txt -cs -h+pic18F4580.sym \
  --cmf=pic18F4580.cmf -z -Q18F4580 -o/tmp/xcXReqHUB -Mpic18F4580.map \
  -ver=XC8 -ASTACK=060h-05ffh -pstack=STACK -ACODE=00h-03000h \
  -ACONST=00h-03000h -ASMALLCONST=0600h-06FFhx42,03000h-03000h \
  -AMEDIUMCONST=0600h-03000h -ACOMRAM=01h-05Fh -AABS1=00h-05FFh \
  -ABIGRAM=01h-05FFh -ARAM=060h-0FFh,0100h-01FFhx5 -ABANK0=060h-0FFh \
  -ABANK1=0100h-01FFh -ABANK2=0200h-02FFh -ABANK3=0300h-03FFh \
  -ABANK4=0400h-04FFh -ABANK5=0500h-05FFh \
  -ASFR=0D00h-0DFFhx2,0F00h-0F5Fh,0F60h-0FFFh \
  -preset_vec=00h,intcode=08h,intcodelo,powerup,init,end_init \
  -pramtop=0600h -psmallconst=SMALLCONST -pmediumconst=MEDIUMCONST \
  -pconst=CONST -AFARRAM=00h-00h -ACONFIG=0300000h-030000Dh -pconfig=CONFIG \
  -AIDLOC=0200000h-0200007h -pidloc=IDLOC -AEEDATA=0F00000h-0F000FFh \
  -peeprom_data=EEDATA \
  -prdata=COMRAM,nvrram=COMRAM,nvbit=COMRAM,rbss=COMRAM,rbit=COMRAM \
  -pfarbss=FARRAM,fardata=FARRAM,nvFARRAM=FARRAM \
  -pintsave_regs=BIGRAM,bigbss=BIGRAM,bigdata=BIGRAM -pbss=RAM \
  -pidata=CODE,irdata=CODE,ibigdata=CODE,ifardata=CODE -prparam=COMRAM \
  startup.obj pic18F4580.obj 

Object code version is 3.11

Machine type is 18F4580

Call graph: (short form)




                Name                               Link     Load   Length Selector   Space Scale
startup.obj     end_init                             16       16        4        4       0
                reset_vec                             0        0        4        0       0
pic18F4580.obj  intcode                               8        8        E        4       0
                temp                                 31       31        1        1       1
                intcode_body                        136      136       A8        4       0
                text8                               236      236       52        4       0
                text7                               2CE      2CE       42        4       0
                text6                               1DE      1DE       58        4       0
                text5                               394      394        C      1C2       0
                text4                               360      360       12        4       0
                text3                               344      344       1C        4       0
                text2                               384      384       10      1C2       0
                text1                               288      288       46        4       0
                text0                                1A       1A      11C        4       0
                cstackCOMRAM                          1        1       1A        1       1
                dataCOMRAM                           1B       1B       11        1       1
                bssCOMRAM                            2C       2C        5        1       1
                cinit                               310      310       34        4       0
                idataCOMRAM                         372      372       11        4       0

TOTAL           Name                               Link     Load   Length     Space
        CLASS   STACK          

        CLASS   CODE           
                end_init                             16       16        4         0
                intcode                               8        8        E         0
                reset_vec                             0        0        4         0
                intcode_body                        136      136       A8         0
                text8                               236      236       52         0
                text7                               2CE      2CE       42         0
                text6                               1DE      1DE       58         0
                text5                               394      394        C         0
                text4                               360      360       12         0
                text3                               344      344       1C         0
                text2                               384      384       10         0
                text1                               288      288       46         0
                text0                                1A       1A      11C         0
                cinit                               310      310       34         0
                idataCOMRAM                         372      372       11         0

        CLASS   CONST          

        CLASS   SMALLCONST     

        CLASS   MEDIUMCONST    

        CLASS   COMRAM         
                temp                                 31       31        1         1
                cstackCOMRAM                          1        1       1A         1
                dataCOMRAM                           1B       1B       11         1
                bssCOMRAM                            2C       2C        5         1

        CLASS   ABS1           

        CLASS   BIGRAM         

        CLASS   RAM            

        CLASS   BANK0          

        CLASS   BANK1          

        CLASS   BANK2          

        CLASS   BANK3          

        CLASS   BANK4          

        CLASS   BANK5          

        CLASS   SFR            

        CLASS   FARRAM         

        CLASS   CONFIG         

        CLASS   IDLOC          

        CLASS   EEDATA         



SEGMENTS        Name                           Load    Length   Top    Selector   Space  Class

                reset_vec                      000000  000004  000004         0       0  CODE    
                cstackCOMRAM                   000001  000031  000032         1       1  COMRAM  
                intcode                        000008  00037B  000383         4       0  CODE    
                text2                          000384  00001C  0003A0       1C2       0  CODE    


UNUSED ADDRESS RANGES

        Name                Unused          Largest block    Delta
        BANK0            0060-00FF             A0
        BANK1            0100-01FF            100
        BANK2            0200-02FF            100
        BANK3            0300-03FF            100
        BANK4            0400-04FF            100
        BANK5            0500-05FF            100
        BIGRAM           0032-05FF            5CE
        CODE             0004-0007              4
                         0383-0383              1
                         03A0-3000           2C61
        COMRAM           0032-005F             2E
        CONFIG           300000-30000D              E
        CONST            0004-0007              4
                         0383-0383              1
                         03A0-3000           2C61
        EEDATA           F00000-F000FF            100
        IDLOC            200000-200007              8
        MEDIUMCONST      0600-3000           2A01
        RAM              0060-05FF            100
        SFR              0D00-0FFF            100
        SMALLCONST       0600-3000            100
        STACK            0060-05FF            5A0

                                  Symbol Table

?___lwdiv                          cstackCOMRAM 000F
?___lwmod                          cstackCOMRAM 0016
_ADCON1                            (abs)        0FC1
_EEADR                             (abs)        0FA9
_EECON1bits                        (abs)        0FA6
_EECON2                            (abs)        0FA7
_EEDATA                            (abs)        0FA8
_GIE                               (abs)        7F97
_PIR2bits                          (abs)        0FA1
_PORTA                             (abs)        0F80
_PORTC                             (abs)        0F82
_PORTD                             (abs)        0F83
_PSA                               (abs)        7EAB
_T08BIT                            (abs)        7EAE
_T0CS                              (abs)        7EAD
_T0PS0                             (abs)        7EA8
_T0PS1                             (abs)        7EA9
_T0PS2                             (abs)        7EAA
_TMR0                              (abs)        0FD6
_TMR0IE                            (abs)        7F95
_TMR0IF                            (abs)        7F92
_TMR0ON                            (abs)        7EAF
_TRISA                             (abs)        0F92
_TRISC                             (abs)        0F94
_TRISD                             (abs)        0F95
__HRAM                             (abs)        0000
__Habs1                            abs1         0000
__Hbank0                           bank0        0000
__Hbank1                           bank1        0000
__Hbank2                           bank2        0000
__Hbank3                           bank3        0000
__Hbank4                           bank4        0000
__Hbank5                           bank5        0000
__Hbigbss                          bigbss       0000
__Hbigdata                         bigdata      0000
__Hbigram                          bigram       0000
__Hbss                             bss          0000
__HbssCOMRAM                       bssCOMRAM    0000
__Hcinit                           cinit        0000
__Hclrtext                         clrtext      0000
__Hcomram                          comram       0000
__Hconfig                          config       0000
__Hconst                           const        0000
__HcstackCOMRAM                    cstackCOMRAM 0000
__Hdata                            data         0000
__HdataCOMRAM                      dataCOMRAM   0000
__Heeprom_data                     eeprom_data  0000
__Hend_init                        end_init     001A
__Hfarbss                          farbss       0000
__Hfardata                         fardata      0000
__Hibigdata                        ibigdata     0000
__Hidata                           idata        0000
__HidataCOMRAM                     idataCOMRAM  0000
__Hidloc                           idloc        0000
__Hifardata                        ifardata     0000
__Hinit                            init         0016
__Hintcode                         intcode      0016
__Hintcode_body                    intcode_body 0000
__Hintcodelo                       intcodelo    0016
__Hintentry                        intentry     0000
__Hintret                          intret       0000
__Hintsave_regs                    intsave_regs 0000
__Hirdata                          irdata       0000
__Hmediumconst                     mediumconst  0000
__HnvFARRAM                        nvFARRAM     0000
__Hnvbit                           nvbit        0000
__Hnvrram                          nvrram       0000
__Hparam                           rparam       0000
__Hpowerup                         powerup      0016
__Hram                             ram          0000
__Hramtop                          ramtop       0600
__Hrbit                            rbit         0000
__Hrbss                            rbss         0000
__Hrdata                           rdata        0000
__Hreset_vec                       reset_vec    0004
__Hrparam                          rparam       0000
__Hsfr                             sfr          0000
__Hsmallconst                      smallconst   0000
__Hspace_0                         (abs)        0600
__Hspace_1                         (abs)        0032
__Hspace_2                         (abs)        0000
__Hstack                           stack        0000
__Hstruct                          struct       0000
__Htemp                            temp         0032
__Htext                            text         0000
__Htext0                           text0        0000
__Htext1                           text1        0000
__Htext2                           text2        0000
__Htext3                           text3        0000
__Htext4                           text4        0000
__Htext5                           text5        0000
__Htext6                           text6        0000
__Htext7                           text7        0000
__Htext8                           text8        0000
__LRAM                             (abs)        0001
__Labs1                            abs1         0000
__Lbank0                           bank0        0000
__Lbank1                           bank1        0000
__Lbank2                           bank2        0000
__Lbank3                           bank3        0000
__Lbank4                           bank4        0000
__Lbank5                           bank5        0000
__Lbigbss                          bigbss       0000
__Lbigdata                         bigdata      0000
__Lbigram                          bigram       0000
__Lbss                             bss          0000
__LbssCOMRAM                       bssCOMRAM    0000
__Lcinit                           cinit        0000
__Lclrtext                         clrtext      0000
__Lcomram                          comram       0000
__Lconfig                          config       0000
__Lconst                           const        0000
__LcstackCOMRAM                    cstackCOMRAM 0000
__Ldata                            data         0000
__LdataCOMRAM                      dataCOMRAM   0000
__Leeprom_data                     eeprom_data  0000
__Lend_init                        end_init     0016
__Lfarbss                          farbss       0000
__Lfardata                         fardata      0000
__Libigdata                        ibigdata     0000
__Lidata                           idata        0000
__LidataCOMRAM                     idataCOMRAM  0000
__Lidloc                           idloc        0000
__Lifardata                        ifardata     0000
__Linit                            init         0016
__Lintcode                         intcode      0008
__Lintcode_body                    intcode_body 0000
__Lintcodelo                       intcodelo    0016
__Lintentry                        intentry     0000
__Lintret                          intret       0000
__Lintsave_regs                    intsave_regs 0000
__Lirdata                          irdata       0000
__Lmediumconst                     mediumconst  0000
__LnvFARRAM                        nvFARRAM     0000
__Lnvbit                           nvbit        0000
__Lnvrram                          nvrram       0000
__Lparam                           rparam       0000
__Lpowerup                         powerup      0016
__Lram                             ram          0000
__Lramtop                          ramtop       0600
__Lrbit                            rbit         0000
__Lrbss                            rbss         0000
__Lrdata                           rdata        0000
__Lreset_vec                       reset_vec    0000
__Lrparam                          rparam       0000
__Lsfr                             sfr          0000
__Lsmallconst                      smallconst   0000
__Lspace_0                         (abs)        0000
__Lspace_1                         (abs)        0000
__Lspace_2                         (abs)        0000
__Lstack                           stack        0000
__Lstruct                          struct       0000
__Ltemp                            temp         0031
__Ltext                            text         0000
__Ltext0                           text0        0000
__Ltext1                           text1        0000
__Ltext2                           text2        0000
__Ltext3                           text3        0000
__Ltext4                           text4        0000
__Ltext5                           text5        0000
__Ltext6                           text6        0000
__Ltext7                           text7        0000
__Ltext8                           text8        0000
__S0                               (abs)        03A0
__S1                               (abs)        0032
__S2                               (abs)        0000
___inthi_sp                        stack        0000
___intlo_sp                        stack        0000
___lwdiv                           text8        0236
___lwdiv@counter                   cstackCOMRAM 0015
___lwdiv@dividend                  cstackCOMRAM 000F
___lwdiv@divisor                   cstackCOMRAM 0011
___lwdiv@quotient                  cstackCOMRAM 0013
___lwmod                           text7        02CE
___lwmod@counter                   cstackCOMRAM 001A
___lwmod@dividend                  cstackCOMRAM 0016
___lwmod@divisor                   cstackCOMRAM 0018
___param_bank                      (abs)        0010
___rparam_used                     (abs)        0001
___sp                              stack        0000
__accesstop                        (abs)        0060
__activetblptr                     (abs)        0000
__end_of___lwdiv                   text8        0288
__end_of___lwmod                   text7        0310
__end_of__initialization           cinit        033A
__end_of_display                   text6        0236
__end_of_init_config               text2        0394
__end_of_init_digital_keypad       text5        03A0
__end_of_init_ssd_control          text4        0372
__end_of_init_timer0               text3        0360
__end_of_isr                       intcode_body 01DE
__end_of_main                      text0        0136
__end_of_read_digital_keypad       text1        02CE
__initialization                   cinit        0310
__mediumconst                      mediumconst  0000
__pbssCOMRAM                       bssCOMRAM    002C
__pcinit                           cinit        0310
__pcstackCOMRAM                    cstackCOMRAM 0001
__pdataCOMRAM                      dataCOMRAM   001B
__pidataCOMRAM                     idataCOMRAM  0372
__pintcode                         intcode      0008
__pintcode_body                    intcode_body 0136
__ptext0                           text0        001A
__ptext1                           text1        0288
__ptext2                           text2        0384
__ptext3                           text3        0344
__ptext4                           text4        0360
__ptext5                           text5        0394
__ptext6                           text6        01DE
__ptext7                           text7        02CE
__ptext8                           text8        0236
__ramtop                           ramtop       0600
__size_of___lwdiv                  (abs)        0000
__size_of___lwmod                  (abs)        0000
__size_of_display                  (abs)        0000
__size_of_init_config              (abs)        0000
__size_of_init_digital_keypad      (abs)        0000
__size_of_init_ssd_control         (abs)        0000
__size_of_init_timer0              (abs)        0000
__size_of_isr                      (abs)        0000
__size_of_main                     (abs)        0000
__size_of_read_digital_keypad      (abs)        0000
__smallconst                       smallconst   0000
_digit                             dataCOMRAM   001B
_disp_count                        bssCOMRAM    002C
_display                           text6        01DE
_inc_flag                          dataCOMRAM   0025
_init_config                       text2        0384
_init_digital_keypad               text5        0394
_init_ssd_control                  text4        0360
_init_timer0                       text3        0344
_isr                               intcode      0008
_main                              text0        001A
_read_digital_keypad               text1        0288
_ssd                               dataCOMRAM   0028
_tim_count                         bssCOMRAM    002E
btemp                              temp         0031
display@data                       cstackCOMRAM 000F
display@digit                      cstackCOMRAM 0015
display@wait                       cstackCOMRAM 0013
end_of_initialization              cinit        033A
int$flags                          temp         0031
int_func                           intcode_body 0136
intlevel0                          text         0000
intlevel1                          text         0000
intlevel2                          text         0000
intlevel3                          text         0000
read_digital_keypad@detection_type cstackCOMRAM 000F
read_digital_keypad@key            bssCOMRAM    0030
read_digital_keypad@once           dataCOMRAM   0027
stackhi                            (abs)        05FF
stacklo                            (abs)        0060
start                              init         0016
start_initialization               cinit        0310


FUNCTION INFORMATION:

 *************** function _main *****************
 Defined at:
		line 24 in file "main.c"
 Parameters:    Size  Location     Type
		None
 Auto vars:     Size  Location     Type
		None
 Return value:  Size  Location     Type
                  1    wreg      void 
 Registers used:
		wreg, fsr2l, fsr2h, status,2, status,0, prodl, prodh, cstack
 Tracked objects:
		On entry : 
		On exit  : 
		Unchanged: 
 Data sizes:     COMRAM   BANK0   BANK1   BANK2   BANK3   BANK4   BANK5
      Params:         0       0       0       0       0       0       0
      Locals:         0       0       0       0       0       0       0
      Temps:          0       0       0       0       0       0       0
      Totals:         0       0       0       0       0       0       0
Total ram usage:        0 bytes
 Hardware stack levels required when called:    3
 This function calls:
		___lwdiv
		___lwmod
		_display
		_init_config
		_read_digital_keypad
 This function is called by:
		Startup code after reset
 This function uses a non-reentrant model


 *************** function _read_digital_keypad *****************
 Defined at:
		line 10 in file "digital_keypad.c"
 Parameters:    Size  Location     Type
  detection_ty    1    wreg     unsigned char 
 Auto vars:     Size  Location     Type
  detection_ty    1   14[COMRAM] unsigned char 
 Return value:  Size  Location     Type
                  1    wreg      unsigned char 
 Registers used:
		wreg, status,2, status,0
 Tracked objects:
		On entry : 
		On exit  : 
		Unchanged: 
 Data sizes:     COMRAM   BANK0   BANK1   BANK2   BANK3   BANK4   BANK5
      Params:         0       0       0       0       0       0       0
      Locals:         1       0       0       0       0       0       0
      Temps:          0       0       0       0       0       0       0
      Totals:         1       0       0       0       0       0       0
Total ram usage:        1 bytes
 Hardware stack levels used:    1
 Hardware stack levels required when called:    1
 This function calls:
		Nothing
 This function is called by:
		_main
 This function uses a non-reentrant model


 *************** function _init_config *****************
 Defined at:
		line 9 in file "main.c"
 Parameters:    Size  Location     Type
		None
 Auto vars:     Size  Location     Type
		None
 Return value:  Size  Location     Type
                  1    wreg      void 
 Registers used:
		wreg, status,2, status,0, cstack
 Tracked objects:
		On entry : 
		On exit  : 
		Unchanged: 
 Data sizes:     COMRAM   BANK0   BANK1   BANK2   BANK3   BANK4   BANK5
      Params:         0       0       0       0       0       0       0
      Locals:         0       0       0       0       0       0       0
      Temps:          0       0       0       0       0       0       0
      Totals:         0       0       0       0       0       0       0
Total ram usage:        0 bytes
 Hardware stack levels used:    1
 Hardware stack levels required when called:    2
 This function calls:
		_init_digital_keypad
		_init_ssd_control
		_init_timer0
 This function is called by:
		_main
 This function uses a non-reentrant model


 *************** function _init_timer0 *****************
 Defined at:
		line 5 in file "timer0.c"
 Parameters:    Size  Location     Type
		None
 Auto vars:     Size  Location     Type
		None
 Return value:  Size  Location     Type
                  1    wreg      void 
 Registers used:
		wreg, status,2
 Tracked objects:
		On entry : 
		On exit  : 
		Unchanged: 
 Data sizes:     COMRAM   BANK0   BANK1   BANK2   BANK3   BANK4   BANK5
      Params:         0       0       0       0       0       0       0
      Locals:         0       0       0       0       0       0       0
      Temps:          0       0       0       0       0       0       0
      Totals:         0       0       0       0       0       0       0
Total ram usage:        0 bytes
 Hardware stack levels used:    1
 Hardware stack levels required when called:    1
 This function calls:
		Nothing
 This function is called by:
		_init_config
 This function uses a non-reentrant model


 *************** function _init_ssd_control *****************
 Defined at:
		line 3 in file "ssd_display.c"
 Parameters:    Size  Location     Type
		None
 Auto vars:     Size  Location     Type
		None
 Return value:  Size  Location     Type
                  1    wreg      void 
 Registers used:
		wreg, status,2, status,0
 Tracked objects:
		On entry : 
		On exit  : 
		Unchanged: 
 Data sizes:     COMRAM   BANK0   BANK1   BANK2   BANK3   BANK4   BANK5
      Params:         0       0       0       0       0       0       0
      Locals:         0       0       0       0       0       0       0
      Temps:          0       0       0       0       0       0       0
      Totals:         0       0       0       0       0       0       0
Total ram usage:        0 bytes
 Hardware stack levels used:    1
 Hardware stack levels required when called:    1
 This function calls:
		Nothing
 This function is called by:
		_init_config
 This function uses a non-reentrant model


 *************** function _init_digital_keypad *****************
 Defined at:
		line 3 in file "digital_keypad.c"
 Parameters:    Size  Location     Type
		None
 Auto vars:     Size  Location     Type
		None
 Return value:  Size  Location     Type
                  1    wreg      void 
 Registers used:
		wreg, status,2, status,0
 Tracked objects:
		On entry : 
		On exit  : 
		Unchanged: 
 Data sizes:     COMRAM   BANK0   BANK1   BANK2   BANK3   BANK4   BANK5
      Params:         0       0       0       0       0       0       0
      Locals:         0       0       0       0       0       0       0
      Temps:          0       0       0       0       0       0       0
      Totals:         0       0       0       0       0       0       0
Total ram usage:        0 bytes
 Hardware stack levels used:    1
 Hardware stack levels required when called:    1
 This function calls:
		Nothing
 This function is called by:
		_init_config
 This function uses a non-reentrant model


 *************** function _display *****************
 Defined at:
		line 15 in file "ssd_display.c"
 Parameters:    Size  Location     Type
  data            2   14[COMRAM] PTR unsigned char 
		 -> ssd(4), 
 Auto vars:     Size  Location     Type
  wait            2   18[COMRAM] unsigned int 
  digit           1   20[COMRAM] unsigned char 
  data_bit        1    0        unsigned char 
 Return value:  Size  Location     Type
                  1    wreg      void 
 Registers used:
		wreg, fsr2l, fsr2h, status,2, status,0, prodl, prodh
 Tracked objects:
		On entry : 
		On exit  : 
		Unchanged: 
 Data sizes:     COMRAM   BANK0   BANK1   BANK2   BANK3   BANK4   BANK5
      Params:         2       0       0       0       0       0       0
      Locals:         3       0       0       0       0       0       0
      Temps:          2       0       0       0       0       0       0
      Totals:         7       0       0       0       0       0       0
Total ram usage:        7 bytes
 Hardware stack levels used:    1
 Hardware stack levels required when called:    1
 This function calls:
		Nothing
 This function is called by:
		_main
 This function uses a non-reentrant model


 *************** function ___lwmod *****************
 Defined at:
		line 8 in file "/opt/microchip/xc8/v1.36/sources/common/lwmod.c"
 Parameters:    Size  Location     Type
  dividend        2   21[COMRAM] unsigned int 
  divisor         2   23[COMRAM] unsigned int 
 Auto vars:     Size  Location     Type
  counter         1   25[COMRAM] unsigned char 
 Return value:  Size  Location     Type
                  2   21[COMRAM] unsigned int 
 Registers used:
		wreg, status,2, status,0
 Tracked objects:
		On entry : 
		On exit  : 
		Unchanged: 
 Data sizes:     COMRAM   BANK0   BANK1   BANK2   BANK3   BANK4   BANK5
      Params:         4       0       0       0       0       0       0
      Locals:         1       0       0       0       0       0       0
      Temps:          0       0       0       0       0       0       0
      Totals:         5       0       0       0       0       0       0
Total ram usage:        5 bytes
 Hardware stack levels used:    1
 Hardware stack levels required when called:    1
 This function calls:
		Nothing
 This function is called by:
		_main
 This function uses a non-reentrant model


 *************** function ___lwdiv *****************
 Defined at:
		line 8 in file "/opt/microchip/xc8/v1.36/sources/common/lwdiv.c"
 Parameters:    Size  Location     Type
  dividend        2   14[COMRAM] unsigned int 
  divisor         2   16[COMRAM] unsigned int 
 Auto vars:     Size  Location     Type
  quotient        2   18[COMRAM] unsigned int 
  counter         1   20[COMRAM] unsigned char 
 Return value:  Size  Location     Type
                  2   14[COMRAM] unsigned int 
 Registers used:
		wreg, status,2, status,0
 Tracked objects:
		On entry : 
		On exit  : 
		Unchanged: 
 Data sizes:     COMRAM   BANK0   BANK1   BANK2   BANK3   BANK4   BANK5
      Params:         4       0       0       0       0       0       0
      Locals:         3       0       0       0       0       0       0
      Temps:          0       0       0       0       0       0       0
      Totals:         7       0       0       0       0       0       0
Total ram usage:        7 bytes
 Hardware stack levels used:    1
 Hardware stack levels required when called:    1
 This function calls:
		Nothing
 This function is called by:
		_main
 This function uses a non-reentrant model


 *************** function _isr *****************
 Defined at:
		line 7 in file "isr.c"
 Parameters:    Size  Location     Type
		None
 Auto vars:     Size  Location     Type
		None
 Return value:  Size  Location     Type
                  1    wreg      void 
 Registers used:
		wreg, status,2, status,0
 Tracked objects:
		On entry : 
		On exit  : 
		Unchanged: 
 Data sizes:     COMRAM   BANK0   BANK1   BANK2   BANK3   BANK4   BANK5
      Params:         0       0       0       0       0       0       0
      Locals:         0       0       0       0       0       0       0
      Temps:         14       0       0       0       0       0       0
      Totals:        14       0       0       0       0       0       0
Total ram usage:       14 bytes
 Hardware stack levels used:    1
 This function calls:
		Nothing
 This function is called by:
		Interrupt level 2
 This function uses a non-reentrant model



MODULE INFORMATION

Module		Function		Class		Link	Load	Size
digital_keypad.c
		_init_digital_keypad		CODE           	0394	0000	13
		_read_digital_keypad		CODE           	0288	0000	71

digital_keypad.c estimated size: 84

timer0.c
		_init_timer0   		CODE           	0344	0000	29

timer0.c estimated size: 29

ssd_display.c
		_display       		CODE           	01DE	0000	89
		_init_ssd_control		CODE           	0360	0000	19

ssd_display.c estimated size: 108

isr.c
		_isr           		CODE           	0008	0000	183

isr.c estimated size: 183

/opt/microchip/xc8/v1.36/sources/common/lwmod.c
		___lwmod       		CODE           	02CE	0000	67

/opt/microchip/xc8/v1.36/sources/common/lwmod.c estimated size: 67

shared
		__initialization		CODE           	0310	0000	43

shared estimated size: 43

main.c
		_main          		CODE           	001A	0000	285
		_init_config   		CODE           	0384	0000	17

main.c estimated size: 302

/opt/microchip/xc8/v1.36/sources/common/lwdiv.c
		___lwdiv       		CODE           	0236	0000	83

/opt/microchip/xc8/v1.36/sources/common/lwdiv.c estimated size: 83

