Microchip MPLAB XC8 Compiler V1.36 ()

Linker command line:

--edf=/opt/microchip/xc8/v1.36/dat/en_msgs.txt -cs -h+pic18F4580.sym \
  --cmf=pic18F4580.cmf -z -Q18F4580 -o/tmp/xcXfMNGSK -Mpic18F4580.map \
  -ver=XC8 -ASTACK=060h-05ffh -pstack=STACK -ACODE=00h-03000h \
  -ACONST=00h-03000h -ASMALLCONST=0600h-06FFhx42,03000h-03000h \
  -AMEDIUMCONST=0600h-03000h -ACOMRAM=01h-05Fh -AABS1=00h-05FFh \
  -ABIGRAM=01h-05FFh -ARAM=060h-0FFh,0100h-01FFhx5 -ABANK0=060h-0FFh \
  -ABANK1=0100h-01FFh -ABANK2=0200h-02FFh -ABANK3=0300h-03FFh \
  -ABANK4=0400h-04FFh -ABANK5=0500h-05FFh \
  -ASFR=0D00h-0DFFhx2,0F00h-0F5Fh,0F60h-0FFFh \
  -preset_vec=00h,intcode=08h,intcodelo,powerup,init,end_init \
  -pramtop=0600h -psmallconst=SMALLCONST -pmediumconst=MEDIUMCONST \
  -pconst=CONST -AFARRAM=00h-00h -ACONFIG=0300000h-030000Dh -pconfig=CONFIG \
  -AIDLOC=0200000h-0200007h -pidloc=IDLOC -AEEDATA=0F00000h-0F000FFh \
  -peeprom_data=EEDATA \
  -prdata=COMRAM,nvrram=COMRAM,nvbit=COMRAM,rbss=COMRAM,rbit=COMRAM \
  -pfarbss=FARRAM,fardata=FARRAM,nvFARRAM=FARRAM \
  -pintsave_regs=BIGRAM,bigbss=BIGRAM,bigdata=BIGRAM -pbss=RAM \
  -pidata=CODE,irdata=CODE,ibigdata=CODE,ifardata=CODE -prparam=COMRAM \
  startup.obj pic18F4580.obj 

Object code version is 3.11

Machine type is 18F4580

Call graph: (short form)




                Name                               Link     Load   Length Selector   Space Scale
startup.obj     end_init                             16       16        4        4       0
                reset_vec                             0        0        4        0       0
pic18F4580.obj  intcode                               8        8        E        4       0
                temp                                 44       44        1        1       1
                smallconst                          600      600       26      300       0
                intcode_body                        838      838       84      313       0
                text16                              BA0      BA0       28      313       0
                text15                              AEE      AEE       42      313       0
                text14                              C32      C32       12      313       0
                text13                              9A4      9A4       62      313       0
                text12                              8BC      8BC       78      313       0
                text11                              AAC      AAC       42      313       0
                text10                              934      934       70      313       0
                text9                               BC8      BC8       26      313       0
                text8                               A66      A66       46      313       0
                text7                               738      738      100      313       0
                text6                               A06      A06       60      313       0
                text5                               C08      C08       18      313       0
                text4                               B6A      B6A       36      313       0
                text3                               C20      C20       12      313       0
                text2                               BEE      BEE       1A      313       0
                text1                               C44      C44       10      313       0
                text0                               626      626      112      313       0
                cstackCOMRAM                          1        1       20        1       1
                dataCOMRAM                           36       36        E        1       1
                bssCOMRAM                            21       21       15        1       1
                cinit                               B30      B30       3A      313       0
                idataCOMRAM                         C54      C54        E      313       0

TOTAL           Name                               Link     Load   Length     Space
        CLASS   STACK          

        CLASS   CODE           
                end_init                             16       16        4         0
                intcode                               8        8        E         0
                reset_vec                             0        0        4         0
                intcode_body                        838      838       84         0
                text16                              BA0      BA0       28         0
                text15                              AEE      AEE       42         0
                text14                              C32      C32       12         0
                text13                              9A4      9A4       62         0
                text12                              8BC      8BC       78         0
                text11                              AAC      AAC       42         0
                text10                              934      934       70         0
                text9                               BC8      BC8       26         0
                text8                               A66      A66       46         0
                text7                               738      738      100         0
                text6                               A06      A06       60         0
                text5                               C08      C08       18         0
                text4                               B6A      B6A       36         0
                text3                               C20      C20       12         0
                text2                               BEE      BEE       1A         0
                text1                               C44      C44       10         0
                text0                               626      626      112         0
                cinit                               B30      B30       3A         0
                idataCOMRAM                         C54      C54        E         0

        CLASS   CONST          

        CLASS   SMALLCONST     
                smallconst                          600      600       26         0

        CLASS   MEDIUMCONST    

        CLASS   COMRAM         
                temp                                 44       44        1         1
                cstackCOMRAM                          1        1       20         1
                dataCOMRAM                           36       36        E         1
                bssCOMRAM                            21       21       15         1

        CLASS   ABS1           

        CLASS   BIGRAM         

        CLASS   RAM            

        CLASS   BANK0          

        CLASS   BANK1          

        CLASS   BANK2          

        CLASS   BANK3          

        CLASS   BANK4          

        CLASS   BANK5          

        CLASS   SFR            

        CLASS   FARRAM         

        CLASS   CONFIG         

        CLASS   IDLOC          

        CLASS   EEDATA         



SEGMENTS        Name                           Load    Length   Top    Selector   Space  Class

                reset_vec                      000000  000004  000004         0       0  CODE    
                cstackCOMRAM                   000001  000044  000045         1       1  COMRAM  
                intcode                        000008  000012  00001A         4       0  CODE    
                smallconst                     000600  000026  000626       300       0  SMALLCON
                text0                          000626  00063C  000C62       313       0  CODE    


UNUSED ADDRESS RANGES

        Name                Unused          Largest block    Delta
        BANK0            0060-00FF             A0
        BANK1            0100-01FF            100
        BANK2            0200-02FF            100
        BANK3            0300-03FF            100
        BANK4            0400-04FF            100
        BANK5            0500-05FF            100
        BIGRAM           0045-05FF            5BB
        CODE             0004-0007              4
                         001A-05FF            5E6
                         0C62-3000           239F
        COMRAM           0045-005F             1B
        CONFIG           300000-30000D              E
        CONST            0004-0007              4
                         001A-05FF            5E6
                         0C62-3000           239F
        EEDATA           F00000-F000FF            100
        IDLOC            200000-200007              8
        MEDIUMCONST      0C62-3000           239F
        RAM              0060-05FF            100
        SFR              0D00-0FFF            100
        SMALLCONST       0C62-3000            100
        STACK            0060-05FF            5A0

                                  Symbol Table

?___awmod                          cstackCOMRAM 000F
?___lwmod                          cstackCOMRAM 000F
_ADCON1                            (abs)        0FC1
_EEADR                             (abs)        0FA9
_EECON1bits                        (abs)        0FA6
_EECON2                            (abs)        0FA7
_EEDATA                            (abs)        0FA8
_GIE                               (abs)        7F97
_PIR2bits                          (abs)        0FA1
_PORTB                             (abs)        0F81
_PORTBbits                         (abs)        0F81
_PORTCbits                         (abs)        0F82
_PORTD                             (abs)        0F83
_PORTDbits                         (abs)        0F83
_PSA                               (abs)        7EAB
_RBPU                              (abs)        7F8F
_T08BIT                            (abs)        7EAE
_T0CS                              (abs)        7EAD
_T0PS0                             (abs)        7EA8
_T0PS1                             (abs)        7EA9
_T0PS2                             (abs)        7EAA
_TMR0                              (abs)        0FD6
_TMR0IE                            (abs)        7F95
_TMR0IF                            (abs)        7F92
_TMR0ON                            (abs)        7EAF
_TRISB                             (abs)        0F93
_TRISC                             (abs)        0F94
_TRISD                             (abs)        0F95
_TRISD7                            (abs)        7CAF
__HRAM                             (abs)        0000
__Habs1                            abs1         0000
__Hbank0                           bank0        0000
__Hbank1                           bank1        0000
__Hbank2                           bank2        0000
__Hbank3                           bank3        0000
__Hbank4                           bank4        0000
__Hbank5                           bank5        0000
__Hbigbss                          bigbss       0000
__Hbigdata                         bigdata      0000
__Hbigram                          bigram       0000
__Hbss                             bss          0000
__HbssCOMRAM                       bssCOMRAM    0000
__Hcinit                           cinit        0000
__Hclrtext                         clrtext      0000
__Hcomram                          comram       0000
__Hconfig                          config       0000
__Hconst                           const        0000
__HcstackCOMRAM                    cstackCOMRAM 0000
__Hdata                            data         0000
__HdataCOMRAM                      dataCOMRAM   0000
__Heeprom_data                     eeprom_data  0000
__Hend_init                        end_init     001A
__Hfarbss                          farbss       0000
__Hfardata                         fardata      0000
__Hibigdata                        ibigdata     0000
__Hidata                           idata        0000
__HidataCOMRAM                     idataCOMRAM  0000
__Hidloc                           idloc        0000
__Hifardata                        ifardata     0000
__Hinit                            init         0016
__Hintcode                         intcode      0016
__Hintcode_body                    intcode_body 0000
__Hintcodelo                       intcodelo    0016
__Hintentry                        intentry     0000
__Hintret                          intret       0000
__Hintsave_regs                    intsave_regs 0000
__Hirdata                          irdata       0000
__Hmediumconst                     mediumconst  0000
__HnvFARRAM                        nvFARRAM     0000
__Hnvbit                           nvbit        0000
__Hnvrram                          nvrram       0000
__Hparam                           rparam       0000
__Hpowerup                         powerup      0016
__Hram                             ram          0000
__Hramtop                          ramtop       0600
__Hrbit                            rbit         0000
__Hrbss                            rbss         0000
__Hrdata                           rdata        0000
__Hreset_vec                       reset_vec    0004
__Hrparam                          rparam       0000
__Hsfr                             sfr          0000
__Hsmallconst                      smallconst   0626
__Hspace_0                         (abs)        0C62
__Hspace_1                         (abs)        0045
__Hspace_2                         (abs)        0000
__Hstack                           stack        0000
__Hstruct                          struct       0000
__Htemp                            temp         0045
__Htext                            text         0000
__Htext0                           text0        0000
__Htext1                           text1        0000
__Htext10                          text10       0000
__Htext11                          text11       0000
__Htext12                          text12       0000
__Htext13                          text13       0000
__Htext14                          text14       0000
__Htext15                          text15       0000
__Htext16                          text16       0000
__Htext2                           text2        0000
__Htext3                           text3        0000
__Htext4                           text4        0000
__Htext5                           text5        0000
__Htext6                           text6        0000
__Htext7                           text7        0000
__Htext8                           text8        0000
__Htext9                           text9        0000
__LRAM                             (abs)        0001
__Labs1                            abs1         0000
__Lbank0                           bank0        0000
__Lbank1                           bank1        0000
__Lbank2                           bank2        0000
__Lbank3                           bank3        0000
__Lbank4                           bank4        0000
__Lbank5                           bank5        0000
__Lbigbss                          bigbss       0000
__Lbigdata                         bigdata      0000
__Lbigram                          bigram       0000
__Lbss                             bss          0000
__LbssCOMRAM                       bssCOMRAM    0000
__Lcinit                           cinit        0000
__Lclrtext                         clrtext      0000
__Lcomram                          comram       0000
__Lconfig                          config       0000
__Lconst                           const        0000
__LcstackCOMRAM                    cstackCOMRAM 0000
__Ldata                            data         0000
__LdataCOMRAM                      dataCOMRAM   0000
__Leeprom_data                     eeprom_data  0000
__Lend_init                        end_init     0016
__Lfarbss                          farbss       0000
__Lfardata                         fardata      0000
__Libigdata                        ibigdata     0000
__Lidata                           idata        0000
__LidataCOMRAM                     idataCOMRAM  0000
__Lidloc                           idloc        0000
__Lifardata                        ifardata     0000
__Linit                            init         0016
__Lintcode                         intcode      0008
__Lintcode_body                    intcode_body 0000
__Lintcodelo                       intcodelo    0016
__Lintentry                        intentry     0000
__Lintret                          intret       0000
__Lintsave_regs                    intsave_regs 0000
__Lirdata                          irdata       0000
__Lmediumconst                     mediumconst  0000
__LnvFARRAM                        nvFARRAM     0000
__Lnvbit                           nvbit        0000
__Lnvrram                          nvrram       0000
__Lparam                           rparam       0000
__Lpowerup                         powerup      0016
__Lram                             ram          0000
__Lramtop                          ramtop       0600
__Lrbit                            rbit         0000
__Lrbss                            rbss         0000
__Lrdata                           rdata        0000
__Lreset_vec                       reset_vec    0000
__Lrparam                          rparam       0000
__Lsfr                             sfr          0000
__Lsmallconst                      smallconst   0600
__Lspace_0                         (abs)        0000
__Lspace_1                         (abs)        0000
__Lspace_2                         (abs)        0000
__Lstack                           stack        0000
__Lstruct                          struct       0000
__Ltemp                            temp         0044
__Ltext                            text         0000
__Ltext0                           text0        0000
__Ltext1                           text1        0000
__Ltext10                          text10       0000
__Ltext11                          text11       0000
__Ltext12                          text12       0000
__Ltext13                          text13       0000
__Ltext14                          text14       0000
__Ltext15                          text15       0000
__Ltext16                          text16       0000
__Ltext2                           text2        0000
__Ltext3                           text3        0000
__Ltext4                           text4        0000
__Ltext5                           text5        0000
__Ltext6                           text6        0000
__Ltext7                           text7        0000
__Ltext8                           text8        0000
__Ltext9                           text9        0000
__S0                               (abs)        0C62
__S1                               (abs)        0045
__S2                               (abs)        0000
___awmod                           text10       0934
___awmod@counter                   cstackCOMRAM 0013
___awmod@dividend                  cstackCOMRAM 000F
___awmod@divisor                   cstackCOMRAM 0011
___awmod@sign                      cstackCOMRAM 0014
___inthi_sp                        stack        0000
___intlo_sp                        stack        0000
___lwmod                           text15       0AEE
___lwmod@counter                   cstackCOMRAM 0013
___lwmod@dividend                  cstackCOMRAM 000F
___lwmod@divisor                   cstackCOMRAM 0011
___param_bank                      (abs)        0010
___rparam_used                     (abs)        0001
___sp                              stack        0000
__accesstop                        (abs)        0060
__activetblptr                     (abs)        0002
__end_of___awmod                   text10       09A4
__end_of___lwmod                   text15       0B30
__end_of__initialization           cinit        0B5C
__end_of_check_matrix_keypad       text7        0838
__end_of_clcd_print                text6        0A66
__end_of_clcd_putch                text5        0C20
__end_of_clcd_write                text16       0BC8
__end_of_init_clcd                 text4        0BA0
__end_of_init_config               text1        0C54
__end_of_init_matrix_keypad        text3        0C32
__end_of_init_timer0               text2        0C08
__end_of_isr                       intcode_body 08BC
__end_of_main                      text0        0738
__end_of_read_from_eeprom          text13       0A06
__end_of_read_internal_eeprom      text14       0C44
__end_of_read_switches             text11       0AEE
__end_of_scan_key                  text12       0934
__end_of_write_internal_eeprom     text9        0BEE
__end_of_write_onto_eeprom         text8        0AAC
__initialization                   cinit        0B30
__mediumconst                      mediumconst  0000
__pbssCOMRAM                       bssCOMRAM    0021
__pcinit                           cinit        0B30
__pcstackCOMRAM                    cstackCOMRAM 0001
__pdataCOMRAM                      dataCOMRAM   0036
__pidataCOMRAM                     idataCOMRAM  0C54
__pintcode                         intcode      0008
__pintcode_body                    intcode_body 0838
__psmallconst                      smallconst   0600
__ptext0                           text0        0626
__ptext1                           text1        0C44
__ptext10                          text10       0934
__ptext11                          text11       0AAC
__ptext12                          text12       08BC
__ptext13                          text13       09A4
__ptext14                          text14       0C32
__ptext15                          text15       0AEE
__ptext16                          text16       0BA0
__ptext2                           text2        0BEE
__ptext3                           text3        0C20
__ptext4                           text4        0B6A
__ptext5                           text5        0C08
__ptext6                           text6        0A06
__ptext7                           text7        0738
__ptext8                           text8        0A66
__ptext9                           text9        0BC8
__ramtop                           ramtop       0600
__size_of___awmod                  (abs)        0000
__size_of___lwmod                  (abs)        0000
__size_of_check_matrix_keypad      (abs)        0000
__size_of_clcd_print               (abs)        0000
__size_of_clcd_putch               (abs)        0000
__size_of_clcd_write               (abs)        0000
__size_of_init_clcd                (abs)        0000
__size_of_init_config              (abs)        0000
__size_of_init_matrix_keypad       (abs)        0000
__size_of_init_timer0              (abs)        0000
__size_of_isr                      (abs)        0000
__size_of_main                     (abs)        0000
__size_of_read_from_eeprom         (abs)        0000
__size_of_read_internal_eeprom     (abs)        0000
__size_of_read_switches            (abs)        0000
__size_of_scan_key                 (abs)        0000
__size_of_write_internal_eeprom    (abs)        0000
__size_of_write_onto_eeprom        (abs)        0000
__smallconst                       smallconst   0600
_check_matrix_keypad               text7        0738
_clcd_print                        text6        0A06
_clcd_putch                        text5        0C08
_clcd_write                        text16       0BA0
_count_overflow                    bssCOMRAM    0025
_count_str                         dataCOMRAM   0039
_delay                             bssCOMRAM    0021
_disp_num                          dataCOMRAM   0036
_display                           dataCOMRAM   0037
_eeprom_addr                       bssCOMRAM    0026
_first_change                      bssCOMRAM    0027
_init_clcd                         text4        0B6A
_init_config                       text1        0C44
_init_matrix_keypad                text3        0C20
_init_timer0                       text2        0BEE
_isr                               intcode      0008
_main                              text0        0626
_read_addr                         bssCOMRAM    0028
_read_from_eeprom                  text13       09A4
_read_internal_eeprom              text14       0C32
_read_switches                     text11       0AAC
_scan_key                          text12       08BC
_storage_str                       bssCOMRAM    002B
_tim_count                         bssCOMRAM    0023
_write_internal_eeprom             text9        0BC8
_write_onto_eeprom                 text8        0A66
btemp                              temp         0044
check_matrix_keypad@key_edge_trig  cstackCOMRAM 001A
check_matrix_keypad@key_level_trig cstackCOMRAM 0019
clcd_print@addr                    cstackCOMRAM 0013
clcd_print@data                    cstackCOMRAM 0011
clcd_putch@addr                    cstackCOMRAM 0011
clcd_putch@data                    cstackCOMRAM 0012
clcd_write@byte                    cstackCOMRAM 0010
clcd_write@control_bit             cstackCOMRAM 000F
end_of_initialization              cinit        0B5C
int$flags                          temp         0044
int_func                           intcode_body 0838
intlevel0                          text         0000
intlevel1                          text         0000
intlevel2                          text         0000
intlevel3                          text         0000
main@i                             cstackCOMRAM 001F
read_from_eeprom@i                 cstackCOMRAM 0014
read_internal_eeprom@address       cstackCOMRAM 000F
read_switches@detection_type       cstackCOMRAM 000F
read_switches@key                  bssCOMRAM    0029
read_switches@key_state            bssCOMRAM    002A
read_switches@once                 dataCOMRAM   0038
stackhi                            (abs)        05FF
stacklo                            (abs)        0060
start                              init         0016
start_initialization               cinit        0B30
write_internal_eeprom@address      cstackCOMRAM 0016
write_internal_eeprom@data         cstackCOMRAM 0015
write_onto_eeprom@i                cstackCOMRAM 0017


FUNCTION INFORMATION:

 *************** function _main *****************
 Defined at:
		line 116 in file "main.c"
 Parameters:    Size  Location     Type
		None
 Auto vars:     Size  Location     Type
  i               2   30[COMRAM] short 
 Return value:  Size  Location     Type
                  1    wreg      void 
 Registers used:
		wreg, fsr2l, fsr2h, status,2, status,0, tblptrl, tblptrh, tblptru, prodl, prodh, cstack
 Tracked objects:
		On entry : 
		On exit  : 
		Unchanged: 
 Data sizes:     COMRAM   BANK0   BANK1   BANK2   BANK3   BANK4   BANK5
      Params:         0       0       0       0       0       0       0
      Locals:         2       0       0       0       0       0       0
      Temps:          4       0       0       0       0       0       0
      Totals:         6       0       0       0       0       0       0
Total ram usage:        6 bytes
 Hardware stack levels required when called:    4
 This function calls:
		_check_matrix_keypad
		_clcd_print
		_clcd_putch
		_init_config
 This function is called by:
		Startup code after reset
 This function uses a non-reentrant model


 *************** function _init_config *****************
 Defined at:
		line 11 in file "main.c"
 Parameters:    Size  Location     Type
		None
 Auto vars:     Size  Location     Type
		None
 Return value:  Size  Location     Type
                  1    wreg      void 
 Registers used:
		wreg, status,2, status,0, cstack
 Tracked objects:
		On entry : 
		On exit  : 
		Unchanged: 
 Data sizes:     COMRAM   BANK0   BANK1   BANK2   BANK3   BANK4   BANK5
      Params:         0       0       0       0       0       0       0
      Locals:         0       0       0       0       0       0       0
      Temps:          0       0       0       0       0       0       0
      Totals:         0       0       0       0       0       0       0
Total ram usage:        0 bytes
 Hardware stack levels used:    1
 Hardware stack levels required when called:    3
 This function calls:
		_init_clcd
		_init_matrix_keypad
		_init_timer0
 This function is called by:
		_main
 This function uses a non-reentrant model


 *************** function _init_timer0 *****************
 Defined at:
		line 3 in file "timer0.c"
 Parameters:    Size  Location     Type
		None
 Auto vars:     Size  Location     Type
		None
 Return value:  Size  Location     Type
                  1    wreg      void 
 Registers used:
		wreg, status,2
 Tracked objects:
		On entry : 
		On exit  : 
		Unchanged: 
 Data sizes:     COMRAM   BANK0   BANK1   BANK2   BANK3   BANK4   BANK5
      Params:         0       0       0       0       0       0       0
      Locals:         0       0       0       0       0       0       0
      Temps:          0       0       0       0       0       0       0
      Totals:         0       0       0       0       0       0       0
Total ram usage:        0 bytes
 Hardware stack levels used:    1
 Hardware stack levels required when called:    1
 This function calls:
		Nothing
 This function is called by:
		_init_config
 This function uses a non-reentrant model


 *************** function _init_matrix_keypad *****************
 Defined at:
		line 4 in file "matrix_keypad.c"
 Parameters:    Size  Location     Type
		None
 Auto vars:     Size  Location     Type
		None
 Return value:  Size  Location     Type
                  1    wreg      void 
 Registers used:
		wreg, status,2, status,0
 Tracked objects:
		On entry : 
		On exit  : 
		Unchanged: 
 Data sizes:     COMRAM   BANK0   BANK1   BANK2   BANK3   BANK4   BANK5
      Params:         0       0       0       0       0       0       0
      Locals:         0       0       0       0       0       0       0
      Temps:          0       0       0       0       0       0       0
      Totals:         0       0       0       0       0       0       0
Total ram usage:        0 bytes
 Hardware stack levels used:    1
 Hardware stack levels required when called:    1
 This function calls:
		Nothing
 This function is called by:
		_init_config
 This function uses a non-reentrant model


 *************** function _init_clcd *****************
 Defined at:
		line 26 in file "clcd.c"
 Parameters:    Size  Location     Type
		None
 Auto vars:     Size  Location     Type
		None
 Return value:  Size  Location     Type
                  1    wreg      void 
 Registers used:
		wreg, status,2, status,0, cstack
 Tracked objects:
		On entry : 
		On exit  : 
		Unchanged: 
 Data sizes:     COMRAM   BANK0   BANK1   BANK2   BANK3   BANK4   BANK5
      Params:         0       0       0       0       0       0       0
      Locals:         0       0       0       0       0       0       0
      Temps:          0       0       0       0       0       0       0
      Totals:         0       0       0       0       0       0       0
Total ram usage:        0 bytes
 Hardware stack levels used:    1
 Hardware stack levels required when called:    2
 This function calls:
		_clcd_write
 This function is called by:
		_init_config
 This function uses a non-reentrant model


 *************** function _clcd_putch *****************
 Defined at:
		line 50 in file "clcd.c"
 Parameters:    Size  Location     Type
  data            1    wreg     const unsigned char 
  addr            1   16[COMRAM] unsigned char 
 Auto vars:     Size  Location     Type
  data            1   17[COMRAM] const unsigned char 
 Return value:  Size  Location     Type
                  1    wreg      void 
 Registers used:
		wreg, status,2, cstack
 Tracked objects:
		On entry : 
		On exit  : 
		Unchanged: 
 Data sizes:     COMRAM   BANK0   BANK1   BANK2   BANK3   BANK4   BANK5
      Params:         1       0       0       0       0       0       0
      Locals:         1       0       0       0       0       0       0
      Temps:          0       0       0       0       0       0       0
      Totals:         2       0       0       0       0       0       0
Total ram usage:        2 bytes
 Hardware stack levels used:    1
 Hardware stack levels required when called:    2
 This function calls:
		_clcd_write
 This function is called by:
		_main
 This function uses a non-reentrant model


 *************** function _clcd_print *****************
 Defined at:
		line 41 in file "clcd.c"
 Parameters:    Size  Location     Type
  data            2   16[COMRAM] PTR const unsigned char 
		 -> STR_3(3), STR_2(15), STR_1(17), storage_str(11), 
		 -> count_str(11), 
  addr            1   18[COMRAM] unsigned char 
 Auto vars:     Size  Location     Type
		None
 Return value:  Size  Location     Type
                  1    wreg      void 
 Registers used:
		wreg, fsr2l, fsr2h, status,2, status,0, tblptrl, tblptrh, tblptru, cstack
 Tracked objects:
		On entry : 
		On exit  : 
		Unchanged: 
 Data sizes:     COMRAM   BANK0   BANK1   BANK2   BANK3   BANK4   BANK5
      Params:         3       0       0       0       0       0       0
      Locals:         0       0       0       0       0       0       0
      Temps:          0       0       0       0       0       0       0
      Totals:         3       0       0       0       0       0       0
Total ram usage:        3 bytes
 Hardware stack levels used:    1
 Hardware stack levels required when called:    2
 This function calls:
		_clcd_write
 This function is called by:
		_main
 This function uses a non-reentrant model


 *************** function _check_matrix_keypad *****************
 Defined at:
		line 46 in file "main.c"
 Parameters:    Size  Location     Type
		None
 Auto vars:     Size  Location     Type
  key_edge_tri    1   25[COMRAM] unsigned char 
  key_level_tr    1   24[COMRAM] unsigned char 
 Return value:  Size  Location     Type
                  1    wreg      void 
 Registers used:
		wreg, fsr2l, fsr2h, status,2, status,0, prodl, prodh, cstack
 Tracked objects:
		On entry : 
		On exit  : 
		Unchanged: 
 Data sizes:     COMRAM   BANK0   BANK1   BANK2   BANK3   BANK4   BANK5
      Params:         0       0       0       0       0       0       0
      Locals:         2       0       0       0       0       0       0
      Temps:          0       0       0       0       0       0       0
      Totals:         2       0       0       0       0       0       0
Total ram usage:        2 bytes
 Hardware stack levels used:    1
 Hardware stack levels required when called:    3
 This function calls:
		_clcd_write
		_read_from_eeprom
		_read_switches
		_write_onto_eeprom
 This function is called by:
		_main
 This function uses a non-reentrant model


 *************** function _write_onto_eeprom *****************
 Defined at:
		line 20 in file "main.c"
 Parameters:    Size  Location     Type
		None
 Auto vars:     Size  Location     Type
  i               2   22[COMRAM] unsigned short 
 Return value:  Size  Location     Type
                  1    wreg      void 
 Registers used:
		wreg, fsr2l, fsr2h, status,2, status,0, cstack
 Tracked objects:
		On entry : 
		On exit  : 
		Unchanged: 
 Data sizes:     COMRAM   BANK0   BANK1   BANK2   BANK3   BANK4   BANK5
      Params:         0       0       0       0       0       0       0
      Locals:         2       0       0       0       0       0       0
      Temps:          0       0       0       0       0       0       0
      Totals:         2       0       0       0       0       0       0
Total ram usage:        2 bytes
 Hardware stack levels used:    1
 Hardware stack levels required when called:    2
 This function calls:
		___awmod
		_write_internal_eeprom
 This function is called by:
		_check_matrix_keypad
 This function uses a non-reentrant model


 *************** function _write_internal_eeprom *****************
 Defined at:
		line 3 in file "eeprom.c"
 Parameters:    Size  Location     Type
  address         1    wreg     unsigned char 
  data            1   20[COMRAM] unsigned char 
 Auto vars:     Size  Location     Type
  address         1   21[COMRAM] unsigned char 
 Return value:  Size  Location     Type
                  1    wreg      void 
 Registers used:
		wreg, status,2
 Tracked objects:
		On entry : 
		On exit  : 
		Unchanged: 
 Data sizes:     COMRAM   BANK0   BANK1   BANK2   BANK3   BANK4   BANK5
      Params:         1       0       0       0       0       0       0
      Locals:         1       0       0       0       0       0       0
      Temps:          0       0       0       0       0       0       0
      Totals:         2       0       0       0       0       0       0
Total ram usage:        2 bytes
 Hardware stack levels used:    1
 Hardware stack levels required when called:    1
 This function calls:
		Nothing
 This function is called by:
		_write_onto_eeprom
 This function uses a non-reentrant model


 *************** function ___awmod *****************
 Defined at:
		line 8 in file "/opt/microchip/xc8/v1.36/sources/common/awmod.c"
 Parameters:    Size  Location     Type
  dividend        2   14[COMRAM] int 
  divisor         2   16[COMRAM] int 
 Auto vars:     Size  Location     Type
  sign            1   19[COMRAM] unsigned char 
  counter         1   18[COMRAM] unsigned char 
 Return value:  Size  Location     Type
                  2   14[COMRAM] int 
 Registers used:
		wreg, status,2, status,0
 Tracked objects:
		On entry : 
		On exit  : 
		Unchanged: 
 Data sizes:     COMRAM   BANK0   BANK1   BANK2   BANK3   BANK4   BANK5
      Params:         4       0       0       0       0       0       0
      Locals:         2       0       0       0       0       0       0
      Temps:          0       0       0       0       0       0       0
      Totals:         6       0       0       0       0       0       0
Total ram usage:        6 bytes
 Hardware stack levels used:    1
 Hardware stack levels required when called:    1
 This function calls:
		Nothing
 This function is called by:
		_write_onto_eeprom
 This function uses a non-reentrant model


 *************** function _read_switches *****************
 Defined at:
		line 88 in file "matrix_keypad.c"
 Parameters:    Size  Location     Type
  detection_ty    1    wreg     unsigned char 
 Auto vars:     Size  Location     Type
  detection_ty    1   14[COMRAM] unsigned char 
 Return value:  Size  Location     Type
                  1    wreg      unsigned char 
 Registers used:
		wreg, status,2, status,0, cstack
 Tracked objects:
		On entry : 
		On exit  : 
		Unchanged: 
 Data sizes:     COMRAM   BANK0   BANK1   BANK2   BANK3   BANK4   BANK5
      Params:         0       0       0       0       0       0       0
      Locals:         1       0       0       0       0       0       0
      Temps:          0       0       0       0       0       0       0
      Totals:         1       0       0       0       0       0       0
Total ram usage:        1 bytes
 Hardware stack levels used:    1
 Hardware stack levels required when called:    2
 This function calls:
		_scan_key
 This function is called by:
		_check_matrix_keypad
 This function uses a non-reentrant model


 *************** function _scan_key *****************
 Defined at:
		line 18 in file "matrix_keypad.c"
 Parameters:    Size  Location     Type
		None
 Auto vars:     Size  Location     Type
		None
 Return value:  Size  Location     Type
                  1    wreg      unsigned char 
 Registers used:
		wreg
 Tracked objects:
		On entry : 
		On exit  : 
		Unchanged: 
 Data sizes:     COMRAM   BANK0   BANK1   BANK2   BANK3   BANK4   BANK5
      Params:         0       0       0       0       0       0       0
      Locals:         0       0       0       0       0       0       0
      Temps:          0       0       0       0       0       0       0
      Totals:         0       0       0       0       0       0       0
Total ram usage:        0 bytes
 Hardware stack levels used:    1
 Hardware stack levels required when called:    1
 This function calls:
		Nothing
 This function is called by:
		_read_switches
 This function uses a non-reentrant model


 *************** function _read_from_eeprom *****************
 Defined at:
		line 30 in file "main.c"
 Parameters:    Size  Location     Type
		None
 Auto vars:     Size  Location     Type
  i               2   19[COMRAM] unsigned short 
 Return value:  Size  Location     Type
                  1    wreg      void 
 Registers used:
		wreg, fsr2l, fsr2h, status,2, status,0, prodl, prodh, cstack
 Tracked objects:
		On entry : 
		On exit  : 
		Unchanged: 
 Data sizes:     COMRAM   BANK0   BANK1   BANK2   BANK3   BANK4   BANK5
      Params:         0       0       0       0       0       0       0
      Locals:         2       0       0       0       0       0       0
      Temps:          0       0       0       0       0       0       0
      Totals:         2       0       0       0       0       0       0
Total ram usage:        2 bytes
 Hardware stack levels used:    1
 Hardware stack levels required when called:    2
 This function calls:
		___lwmod
		_read_internal_eeprom
 This function is called by:
		_check_matrix_keypad
 This function uses a non-reentrant model


 *************** function _read_internal_eeprom *****************
 Defined at:
		line 40 in file "eeprom.c"
 Parameters:    Size  Location     Type
  address         1    wreg     unsigned char 
 Auto vars:     Size  Location     Type
  address         1   14[COMRAM] unsigned char 
 Return value:  Size  Location     Type
                  1    wreg      unsigned char 
 Registers used:
		wreg, status,2
 Tracked objects:
		On entry : 
		On exit  : 
		Unchanged: 
 Data sizes:     COMRAM   BANK0   BANK1   BANK2   BANK3   BANK4   BANK5
      Params:         0       0       0       0       0       0       0
      Locals:         1       0       0       0       0       0       0
      Temps:          0       0       0       0       0       0       0
      Totals:         1       0       0       0       0       0       0
Total ram usage:        1 bytes
 Hardware stack levels used:    1
 Hardware stack levels required when called:    1
 This function calls:
		Nothing
 This function is called by:
		_read_from_eeprom
 This function uses a non-reentrant model


 *************** function ___lwmod *****************
 Defined at:
		line 8 in file "/opt/microchip/xc8/v1.36/sources/common/lwmod.c"
 Parameters:    Size  Location     Type
  dividend        2   14[COMRAM] unsigned int 
  divisor         2   16[COMRAM] unsigned int 
 Auto vars:     Size  Location     Type
  counter         1   18[COMRAM] unsigned char 
 Return value:  Size  Location     Type
                  2   14[COMRAM] unsigned int 
 Registers used:
		wreg, status,2, status,0
 Tracked objects:
		On entry : 
		On exit  : 
		Unchanged: 
 Data sizes:     COMRAM   BANK0   BANK1   BANK2   BANK3   BANK4   BANK5
      Params:         4       0       0       0       0       0       0
      Locals:         1       0       0       0       0       0       0
      Temps:          0       0       0       0       0       0       0
      Totals:         5       0       0       0       0       0       0
Total ram usage:        5 bytes
 Hardware stack levels used:    1
 Hardware stack levels required when called:    1
 This function calls:
		Nothing
 This function is called by:
		_read_from_eeprom
 This function uses a non-reentrant model


 *************** function _clcd_write *****************
 Defined at:
		line 3 in file "clcd.c"
 Parameters:    Size  Location     Type
  byte            1    wreg     unsigned char 
  control_bit     1   14[COMRAM] unsigned char 
 Auto vars:     Size  Location     Type
  byte            1   15[COMRAM] unsigned char 
 Return value:  Size  Location     Type
                  1    wreg      void 
 Registers used:
		wreg
 Tracked objects:
		On entry : 
		On exit  : 
		Unchanged: 
 Data sizes:     COMRAM   BANK0   BANK1   BANK2   BANK3   BANK4   BANK5
      Params:         1       0       0       0       0       0       0
      Locals:         1       0       0       0       0       0       0
      Temps:          0       0       0       0       0       0       0
      Totals:         2       0       0       0       0       0       0
Total ram usage:        2 bytes
 Hardware stack levels used:    1
 Hardware stack levels required when called:    1
 This function calls:
		Nothing
 This function is called by:
		_init_clcd
		_clcd_print
		_clcd_putch
		_check_matrix_keypad
 This function uses a non-reentrant model


 *************** function _isr *****************
 Defined at:
		line 6 in file "isr.c"
 Parameters:    Size  Location     Type
		None
 Auto vars:     Size  Location     Type
		None
 Return value:  Size  Location     Type
                  1    wreg      void 
 Registers used:
		wreg, status,2, status,0
 Tracked objects:
		On entry : 
		On exit  : 
		Unchanged: 
 Data sizes:     COMRAM   BANK0   BANK1   BANK2   BANK3   BANK4   BANK5
      Params:         0       0       0       0       0       0       0
      Locals:         0       0       0       0       0       0       0
      Temps:         14       0       0       0       0       0       0
      Totals:        14       0       0       0       0       0       0
Total ram usage:       14 bytes
 Hardware stack levels used:    1
 This function calls:
		Nothing
 This function is called by:
		Interrupt level 2
 This function uses a non-reentrant model



MODULE INFORMATION

Module		Function		Class		Link	Load	Size
matrix_keypad.c
		_init_matrix_keypad		CODE           	0C20	0000	19
		_read_switches 		CODE           	0AAC	0000	67
		_scan_key      		CODE           	08BC	0000	121

matrix_keypad.c estimated size: 207

timer0.c
		_init_timer0   		CODE           	0BEE	0000	27

timer0.c estimated size: 27

eeprom.c
		_read_internal_eeprom		CODE           	0C32	0000	19
		_write_internal_eeprom		CODE           	0BC8	0000	39

eeprom.c estimated size: 58

isr.c
		_isr           		CODE           	0008	0000	147

isr.c estimated size: 147

/opt/microchip/xc8/v1.36/sources/common/lwmod.c
		___lwmod       		CODE           	0AEE	0000	67

/opt/microchip/xc8/v1.36/sources/common/lwmod.c estimated size: 67

shared
		__initialization		CODE           	0B30	0000	45

shared estimated size: 45

clcd.c
		_clcd_write    		CODE           	0BA0	0000	41
		_clcd_print    		CODE           	0A06	0000	97
		_clcd_putch    		CODE           	0C08	0000	25
		_init_clcd     		CODE           	0B6A	0000	55

clcd.c estimated size: 218

/opt/microchip/xc8/v1.36/sources/common/awmod.c
		___awmod       		CODE           	0934	0000	113

/opt/microchip/xc8/v1.36/sources/common/awmod.c estimated size: 113

main.c
		_write_onto_eeprom		CODE           	0A66	0000	71
		_check_matrix_keypad		CODE           	0738	0000	257
		_read_from_eeprom		CODE           	09A4	0000	99
		_main          		CODE           	0626	0000	275
		_init_config   		CODE           	0C44	0000	17

main.c estimated size: 719

