Microchip MPLAB XC8 Compiler V1.36 ()

Linker command line:

--edf=/opt/microchip/xc8/v1.36/dat/en_msgs.txt -cs -h+pic18F4580.sym \
  --cmf=pic18F4580.cmf -z -Q18F4580 -o/tmp/xcX275HKZ -Mpic18F4580.map \
  -ver=XC8 -ASTACK=060h-05ffh -pstack=STACK -ACODE=00h-03000h \
  -ACONST=00h-03000h -ASMALLCONST=0600h-06FFhx42,03000h-03000h \
  -AMEDIUMCONST=0600h-03000h -ACOMRAM=01h-05Fh -AABS1=00h-05FFh \
  -ABIGRAM=01h-05FFh -ARAM=060h-0FFh,0100h-01FFhx5 -ABANK0=060h-0FFh \
  -ABANK1=0100h-01FFh -ABANK2=0200h-02FFh -ABANK3=0300h-03FFh \
  -ABANK4=0400h-04FFh -ABANK5=0500h-05FFh \
  -ASFR=0D00h-0DFFhx2,0F00h-0F5Fh,0F60h-0FFFh \
  -preset_vec=00h,intcode,intcodelo,powerup,init,end_init -pramtop=0600h \
  -psmallconst=SMALLCONST -pmediumconst=MEDIUMCONST -pconst=CONST \
  -AFARRAM=00h-00h -ACONFIG=0300000h-030000Dh -pconfig=CONFIG \
  -AIDLOC=0200000h-0200007h -pidloc=IDLOC -AEEDATA=0F00000h-0F000FFh \
  -peeprom_data=EEDATA \
  -prdata=COMRAM,nvrram=COMRAM,nvbit=COMRAM,rbss=COMRAM,rbit=COMRAM \
  -pfarbss=FARRAM,fardata=FARRAM,nvFARRAM=FARRAM \
  -pintsave_regs=BIGRAM,bigbss=BIGRAM,bigdata=BIGRAM -pbss=RAM \
  -pidata=CODE,irdata=CODE,ibigdata=CODE,ifardata=CODE -prparam=COMRAM \
  startup.obj pic18F4580.obj 

Object code version is 3.11

Machine type is 18F4580

Call graph: (short form)




                Name                               Link     Load   Length Selector   Space Scale
startup.obj     end_init                              0        0        4        0       0
pic18F4580.obj  smallconst                          600      600       20      300       0
                text10                              87A      87A       70      310       0
                text9                               9F8      9F8       28      310       0
                text8                               802      802       78      310       0
                text7                               94A      94A       42      310       0
                text6                               738      738       CA      310       0
                text5                               8EA      8EA       60      310       0
                text4                               A20      A20       18      310       0
                text3                               9C2      9C2       36      310       0
                text2                               A38      A38       12      310       0
                text1                               A5A      A5A        A      52D       0
                text0                               620      620      118      310       0
                cstackCOMRAM                         10       10        C        1       1
                dataCOMRAM                            1        1        F        1       1
                bssCOMRAM                            1C       1C        6        1       1
                cinit                               98C      98C       36      310       0
                idataCOMRAM                         A4A      A4A        F      310       0

TOTAL           Name                               Link     Load   Length     Space
        CLASS   STACK          

        CLASS   CODE           
                end_init                              0        0        4         0
                text10                              87A      87A       70         0
                text9                               9F8      9F8       28         0
                text8                               802      802       78         0
                text7                               94A      94A       42         0
                text6                               738      738       CA         0
                text5                               8EA      8EA       60         0
                text4                               A20      A20       18         0
                text3                               9C2      9C2       36         0
                text2                               A38      A38       12         0
                text1                               A5A      A5A        A         0
                text0                               620      620      118         0
                cinit                               98C      98C       36         0
                idataCOMRAM                         A4A      A4A        F         0

        CLASS   CONST          

        CLASS   SMALLCONST     
                smallconst                          600      600       20         0

        CLASS   MEDIUMCONST    

        CLASS   COMRAM         
                cstackCOMRAM                         10       10        C         1
                dataCOMRAM                            1        1        F         1
                bssCOMRAM                            1C       1C        6         1

        CLASS   ABS1           

        CLASS   BIGRAM         

        CLASS   RAM            

        CLASS   BANK0          

        CLASS   BANK1          

        CLASS   BANK2          

        CLASS   BANK3          

        CLASS   BANK4          

        CLASS   BANK5          

        CLASS   SFR            

        CLASS   FARRAM         

        CLASS   CONFIG         

        CLASS   IDLOC          

        CLASS   EEDATA         



SEGMENTS        Name                           Load    Length   Top    Selector   Space  Class

                reset_vec                      000000  000004  000004         0       0  CODE    
                dataCOMRAM                     000001  000021  000022         1       1  COMRAM  
                smallconst                     000600  000020  000620       300       0  SMALLCON
                text0                          000620  000439  000A59       310       0  CODE    
                text1                          000A5A  00000A  000A64       52D       0  CODE    


UNUSED ADDRESS RANGES

        Name                Unused          Largest block    Delta
        BANK0            0060-00FF             A0
        BANK1            0100-01FF            100
        BANK2            0200-02FF            100
        BANK3            0300-03FF            100
        BANK4            0400-04FF            100
        BANK5            0500-05FF            100
        BIGRAM           0022-05FF            5DE
        CODE             0004-05FF            5FC
                         0A59-0A59              1
                         0A64-3000           259D
        COMRAM           0022-005F             3E
        CONFIG           300000-30000D              E
        CONST            0004-05FF            5FC
                         0A59-0A59              1
                         0A64-3000           259D
        EEDATA           F00000-F000FF            100
        IDLOC            200000-200007              8
        MEDIUMCONST      0A59-0A59              1
                         0A64-3000           259D
        RAM              0060-05FF            100
        SFR              0D00-0FFF            100
        SMALLCONST       0A59-0A59              1
                         0A64-3000            100
        STACK            0060-05FF            5A0

                                  Symbol Table

?___awmod                     cstackCOMRAM 0010
_ADCON1                       (abs)        0FC1
_PORTB                        (abs)        0F81
_PORTBbits                    (abs)        0F81
_PORTCbits                    (abs)        0F82
_PORTD                        (abs)        0F83
_PORTDbits                    (abs)        0F83
_RBPU                         (abs)        7F8F
_TRISB                        (abs)        0F93
_TRISC                        (abs)        0F94
_TRISD                        (abs)        0F95
_TRISD7                       (abs)        7CAF
__HRAM                        (abs)        0000
__Habs1                       abs1         0000
__Hbank0                      bank0        0000
__Hbank1                      bank1        0000
__Hbank2                      bank2        0000
__Hbank3                      bank3        0000
__Hbank4                      bank4        0000
__Hbank5                      bank5        0000
__Hbigbss                     bigbss       0000
__Hbigdata                    bigdata      0000
__Hbigram                     bigram       0000
__Hbss                        bss          0000
__HbssCOMRAM                  bssCOMRAM    0000
__Hcinit                      cinit        0000
__Hclrtext                    clrtext      0000
__Hcomram                     comram       0000
__Hconfig                     config       0000
__Hconst                      const        0000
__HcstackCOMRAM               cstackCOMRAM 0000
__Hdata                       data         0000
__HdataCOMRAM                 dataCOMRAM   0000
__Heeprom_data                eeprom_data  0000
__Hend_init                   end_init     0004
__Hfarbss                     farbss       0000
__Hfardata                    fardata      0000
__Hibigdata                   ibigdata     0000
__Hidata                      idata        0000
__HidataCOMRAM                idataCOMRAM  0000
__Hidloc                      idloc        0000
__Hifardata                   ifardata     0000
__Hinit                       init         0000
__Hintcode                    intcode      0000
__Hintcode_body               intcode_body 0000
__Hintcodelo                  intcodelo    0000
__Hintentry                   intentry     0000
__Hintret                     intret       0000
__Hintsave_regs               intsave_regs 0000
__Hirdata                     irdata       0000
__Hmediumconst                mediumconst  0000
__HnvFARRAM                   nvFARRAM     0000
__Hnvbit                      nvbit        0000
__Hnvrram                     nvrram       0000
__Hparam                      rparam       0000
__Hpowerup                    powerup      0000
__Hram                        ram          0000
__Hramtop                     ramtop       0600
__Hrbit                       rbit         0000
__Hrbss                       rbss         0000
__Hrdata                      rdata        0000
__Hreset_vec                  reset_vec    0000
__Hrparam                     rparam       0000
__Hsfr                        sfr          0000
__Hsmallconst                 smallconst   0620
__Hspace_0                    (abs)        0A64
__Hspace_1                    (abs)        0022
__Hspace_2                    (abs)        0000
__Hstack                      stack        0000
__Hstruct                     struct       0000
__Htemp                       temp         0000
__Htext                       text         0000
__Htext0                      text0        0000
__Htext1                      text1        0000
__Htext10                     text10       0000
__Htext2                      text2        0000
__Htext3                      text3        0000
__Htext4                      text4        0000
__Htext5                      text5        0000
__Htext6                      text6        0000
__Htext7                      text7        0000
__Htext8                      text8        0000
__Htext9                      text9        0000
__LRAM                        (abs)        0001
__Labs1                       abs1         0000
__Lbank0                      bank0        0000
__Lbank1                      bank1        0000
__Lbank2                      bank2        0000
__Lbank3                      bank3        0000
__Lbank4                      bank4        0000
__Lbank5                      bank5        0000
__Lbigbss                     bigbss       0000
__Lbigdata                    bigdata      0000
__Lbigram                     bigram       0000
__Lbss                        bss          0000
__LbssCOMRAM                  bssCOMRAM    0000
__Lcinit                      cinit        0000
__Lclrtext                    clrtext      0000
__Lcomram                     comram       0000
__Lconfig                     config       0000
__Lconst                      const        0000
__LcstackCOMRAM               cstackCOMRAM 0000
__Ldata                       data         0000
__LdataCOMRAM                 dataCOMRAM   0000
__Leeprom_data                eeprom_data  0000
__Lend_init                   end_init     0000
__Lfarbss                     farbss       0000
__Lfardata                    fardata      0000
__Libigdata                   ibigdata     0000
__Lidata                      idata        0000
__LidataCOMRAM                idataCOMRAM  0000
__Lidloc                      idloc        0000
__Lifardata                   ifardata     0000
__Linit                       init         0000
__Lintcode                    intcode      0000
__Lintcode_body               intcode_body 0000
__Lintcodelo                  intcodelo    0000
__Lintentry                   intentry     0000
__Lintret                     intret       0000
__Lintsave_regs               intsave_regs 0000
__Lirdata                     irdata       0000
__Lmediumconst                mediumconst  0000
__LnvFARRAM                   nvFARRAM     0000
__Lnvbit                      nvbit        0000
__Lnvrram                     nvrram       0000
__Lparam                      rparam       0000
__Lpowerup                    powerup      0000
__Lram                        ram          0000
__Lramtop                     ramtop       0600
__Lrbit                       rbit         0000
__Lrbss                       rbss         0000
__Lrdata                      rdata        0000
__Lreset_vec                  reset_vec    0000
__Lrparam                     rparam       0000
__Lsfr                        sfr          0000
__Lsmallconst                 smallconst   0600
__Lspace_0                    (abs)        0000
__Lspace_1                    (abs)        0000
__Lspace_2                    (abs)        0000
__Lstack                      stack        0000
__Lstruct                     struct       0000
__Ltemp                       temp         0000
__Ltext                       text         0000
__Ltext0                      text0        0000
__Ltext1                      text1        0000
__Ltext10                     text10       0000
__Ltext2                      text2        0000
__Ltext3                      text3        0000
__Ltext4                      text4        0000
__Ltext5                      text5        0000
__Ltext6                      text6        0000
__Ltext7                      text7        0000
__Ltext8                      text8        0000
__Ltext9                      text9        0000
__S0                          (abs)        0A64
__S1                          (abs)        0022
__S2                          (abs)        0000
___awmod                      text10       087A
___awmod@counter              cstackCOMRAM 0014
___awmod@dividend             cstackCOMRAM 0010
___awmod@divisor              cstackCOMRAM 0012
___awmod@sign                 cstackCOMRAM 0015
___inthi_sp                   stack        0000
___intlo_sp                   stack        0000
___param_bank                 (abs)        0010
___rparam_used                (abs)        0001
___sp                         stack        0000
__accesstop                   (abs)        0060
__activetblptr                (abs)        0002
__end_of___awmod              text10       08EA
__end_of__initialization      cinit        09B8
__end_of_check_matrix_keypad  text6        0802
__end_of_clcd_print           text5        094A
__end_of_clcd_putch           text4        0A38
__end_of_clcd_write           text9        0A20
__end_of_init_clcd            text3        09F8
__end_of_init_config          text1        0A64
__end_of_init_matrix_keypad   text2        0A4A
__end_of_main                 text0        0738
__end_of_read_switches        text7        098C
__end_of_scan_key             text8        087A
__initialization              cinit        098C
__mediumconst                 mediumconst  0000
__pbssCOMRAM                  bssCOMRAM    001C
__pcinit                      cinit        098C
__pcstackCOMRAM               cstackCOMRAM 0010
__pdataCOMRAM                 dataCOMRAM   0001
__pidataCOMRAM                idataCOMRAM  0A4A
__psmallconst                 smallconst   0600
__ptext0                      text0        0620
__ptext1                      text1        0A5A
__ptext10                     text10       087A
__ptext2                      text2        0A38
__ptext3                      text3        09C2
__ptext4                      text4        0A20
__ptext5                      text5        08EA
__ptext6                      text6        0738
__ptext7                      text7        094A
__ptext8                      text8        0802
__ptext9                      text9        09F8
__ramtop                      ramtop       0600
__size_of___awmod             (abs)        0000
__size_of_check_matrix_keypad (abs)        0000
__size_of_clcd_print          (abs)        0000
__size_of_clcd_putch          (abs)        0000
__size_of_clcd_write          (abs)        0000
__size_of_init_clcd           (abs)        0000
__size_of_init_config         (abs)        0000
__size_of_init_matrix_keypad  (abs)        0000
__size_of_main                (abs)        0000
__size_of_read_switches       (abs)        0000
__size_of_scan_key            (abs)        0000
__smallconst                  smallconst   0600
_check_matrix_keypad          text6        0738
_clcd_print                   text5        08EA
_clcd_putch                   text4        0A20
_clcd_write                   text9        09F8
_count_overflow               bssCOMRAM    001E
_count_str                    dataCOMRAM   0005
_delay                        bssCOMRAM    001F
_display                      dataCOMRAM   0003
_init_clcd                    text3        09C2
_init_config                  text1        0A5A
_init_matrix_keypad           text2        0A38
_main                         text0        0620
_read_switches                text7        094A
_scan_key                     text8        0802
_selected_index               dataCOMRAM   0001
_wait                         bssCOMRAM    001C
check_matrix_keypad@i         cstackCOMRAM 0013
check_matrix_keypad@key       cstackCOMRAM 0015
clcd_print@addr               cstackCOMRAM 0014
clcd_print@data               cstackCOMRAM 0012
clcd_putch@addr               cstackCOMRAM 0012
clcd_putch@data               cstackCOMRAM 0013
clcd_write@byte               cstackCOMRAM 0011
clcd_write@control_bit        cstackCOMRAM 0010
end_of_initialization         cinit        09B8
intlevel0                     text         0000
intlevel1                     text         0000
intlevel2                     text         0000
intlevel3                     text         0000
main@i                        cstackCOMRAM 001A
read_switches@detection_type  cstackCOMRAM 0010
read_switches@key             bssCOMRAM    0020
read_switches@key_state       bssCOMRAM    0021
read_switches@once            dataCOMRAM   0004
stackhi                       (abs)        05FF
stacklo                       (abs)        0060
start                         init         0000
start_initialization          cinit        098C


FUNCTION INFORMATION:

 *************** function _main *****************
 Defined at:
		line 50 in file "main.c"
 Parameters:    Size  Location     Type
		None
 Auto vars:     Size  Location     Type
  i               2   10[COMRAM] short 
 Return value:  Size  Location     Type
                  1    wreg      void 
 Registers used:
		wreg, fsr0l, fsr0h, fsr2l, fsr2h, status,2, status,0, tblptrl, tblptrh, tblptru, cstack
 Tracked objects:
		On entry : 
		On exit  : 
		Unchanged: 
 Data sizes:     COMRAM   BANK0   BANK1   BANK2   BANK3   BANK4   BANK5
      Params:         0       0       0       0       0       0       0
      Locals:         2       0       0       0       0       0       0
      Temps:          4       0       0       0       0       0       0
      Totals:         6       0       0       0       0       0       0
Total ram usage:        6 bytes
 Hardware stack levels required when called:    3
 This function calls:
		___awmod
		_check_matrix_keypad
		_clcd_print
		_clcd_putch
		_init_config
 This function is called by:
		Startup code after reset
 This function uses a non-reentrant model


 *************** function _init_config *****************
 Defined at:
		line 10 in file "main.c"
 Parameters:    Size  Location     Type
		None
 Auto vars:     Size  Location     Type
		None
 Return value:  Size  Location     Type
                  1    wreg      void 
 Registers used:
		wreg, status,2, status,0, cstack
 Tracked objects:
		On entry : 
		On exit  : 
		Unchanged: 
 Data sizes:     COMRAM   BANK0   BANK1   BANK2   BANK3   BANK4   BANK5
      Params:         0       0       0       0       0       0       0
      Locals:         0       0       0       0       0       0       0
      Temps:          0       0       0       0       0       0       0
      Totals:         0       0       0       0       0       0       0
Total ram usage:        0 bytes
 Hardware stack levels used:    1
 Hardware stack levels required when called:    2
 This function calls:
		_init_clcd
		_init_matrix_keypad
 This function is called by:
		_main
 This function uses a non-reentrant model


 *************** function _init_matrix_keypad *****************
 Defined at:
		line 4 in file "matrix_keypad.c"
 Parameters:    Size  Location     Type
		None
 Auto vars:     Size  Location     Type
		None
 Return value:  Size  Location     Type
                  1    wreg      void 
 Registers used:
		wreg, status,2, status,0
 Tracked objects:
		On entry : 
		On exit  : 
		Unchanged: 
 Data sizes:     COMRAM   BANK0   BANK1   BANK2   BANK3   BANK4   BANK5
      Params:         0       0       0       0       0       0       0
      Locals:         0       0       0       0       0       0       0
      Temps:          0       0       0       0       0       0       0
      Totals:         0       0       0       0       0       0       0
Total ram usage:        0 bytes
 Hardware stack levels used:    1
 This function calls:
		Nothing
 This function is called by:
		_init_config
 This function uses a non-reentrant model


 *************** function _init_clcd *****************
 Defined at:
		line 26 in file "clcd.c"
 Parameters:    Size  Location     Type
		None
 Auto vars:     Size  Location     Type
		None
 Return value:  Size  Location     Type
                  1    wreg      void 
 Registers used:
		wreg, status,2, status,0, cstack
 Tracked objects:
		On entry : 
		On exit  : 
		Unchanged: 
 Data sizes:     COMRAM   BANK0   BANK1   BANK2   BANK3   BANK4   BANK5
      Params:         0       0       0       0       0       0       0
      Locals:         0       0       0       0       0       0       0
      Temps:          0       0       0       0       0       0       0
      Totals:         0       0       0       0       0       0       0
Total ram usage:        0 bytes
 Hardware stack levels used:    1
 Hardware stack levels required when called:    1
 This function calls:
		_clcd_write
 This function is called by:
		_init_config
 This function uses a non-reentrant model


 *************** function _clcd_putch *****************
 Defined at:
		line 50 in file "clcd.c"
 Parameters:    Size  Location     Type
  data            1    wreg     const unsigned char 
  addr            1    2[COMRAM] unsigned char 
 Auto vars:     Size  Location     Type
  data            1    3[COMRAM] const unsigned char 
 Return value:  Size  Location     Type
                  1    wreg      void 
 Registers used:
		wreg, status,2, cstack
 Tracked objects:
		On entry : 
		On exit  : 
		Unchanged: 
 Data sizes:     COMRAM   BANK0   BANK1   BANK2   BANK3   BANK4   BANK5
      Params:         1       0       0       0       0       0       0
      Locals:         1       0       0       0       0       0       0
      Temps:          0       0       0       0       0       0       0
      Totals:         2       0       0       0       0       0       0
Total ram usage:        2 bytes
 Hardware stack levels used:    1
 Hardware stack levels required when called:    1
 This function calls:
		_clcd_write
 This function is called by:
		_main
 This function uses a non-reentrant model


 *************** function _clcd_print *****************
 Defined at:
		line 41 in file "clcd.c"
 Parameters:    Size  Location     Type
  data            2    2[COMRAM] PTR const unsigned char 
		 -> STR_2(13), STR_1(17), count_str(11), 
  addr            1    4[COMRAM] unsigned char 
 Auto vars:     Size  Location     Type
		None
 Return value:  Size  Location     Type
                  1    wreg      void 
 Registers used:
		wreg, fsr0l, fsr0h, status,2, status,0, tblptrl, tblptrh, tblptru, cstack
 Tracked objects:
		On entry : 
		On exit  : 
		Unchanged: 
 Data sizes:     COMRAM   BANK0   BANK1   BANK2   BANK3   BANK4   BANK5
      Params:         3       0       0       0       0       0       0
      Locals:         0       0       0       0       0       0       0
      Temps:          0       0       0       0       0       0       0
      Totals:         3       0       0       0       0       0       0
Total ram usage:        3 bytes
 Hardware stack levels used:    1
 Hardware stack levels required when called:    1
 This function calls:
		_clcd_write
 This function is called by:
		_main
 This function uses a non-reentrant model


 *************** function _check_matrix_keypad *****************
 Defined at:
		line 17 in file "main.c"
 Parameters:    Size  Location     Type
		None
 Auto vars:     Size  Location     Type
  i               2    3[COMRAM] unsigned short 
  key             1    5[COMRAM] unsigned char 
 Return value:  Size  Location     Type
                  1    wreg      void 
 Registers used:
		wreg, fsr2l, fsr2h, status,2, status,0, cstack
 Tracked objects:
		On entry : 
		On exit  : 
		Unchanged: 
 Data sizes:     COMRAM   BANK0   BANK1   BANK2   BANK3   BANK4   BANK5
      Params:         0       0       0       0       0       0       0
      Locals:         3       0       0       0       0       0       0
      Temps:          1       0       0       0       0       0       0
      Totals:         4       0       0       0       0       0       0
Total ram usage:        4 bytes
 Hardware stack levels used:    1
 Hardware stack levels required when called:    2
 This function calls:
		_clcd_write
		_read_switches
 This function is called by:
		_main
 This function uses a non-reentrant model


 *************** function _read_switches *****************
 Defined at:
		line 88 in file "matrix_keypad.c"
 Parameters:    Size  Location     Type
  detection_ty    1    wreg     unsigned char 
 Auto vars:     Size  Location     Type
  detection_ty    1    0[COMRAM] unsigned char 
 Return value:  Size  Location     Type
                  1    wreg      unsigned char 
 Registers used:
		wreg, status,2, status,0, cstack
 Tracked objects:
		On entry : 
		On exit  : 
		Unchanged: 
 Data sizes:     COMRAM   BANK0   BANK1   BANK2   BANK3   BANK4   BANK5
      Params:         0       0       0       0       0       0       0
      Locals:         1       0       0       0       0       0       0
      Temps:          0       0       0       0       0       0       0
      Totals:         1       0       0       0       0       0       0
Total ram usage:        1 bytes
 Hardware stack levels used:    1
 Hardware stack levels required when called:    1
 This function calls:
		_scan_key
 This function is called by:
		_check_matrix_keypad
 This function uses a non-reentrant model


 *************** function _scan_key *****************
 Defined at:
		line 18 in file "matrix_keypad.c"
 Parameters:    Size  Location     Type
		None
 Auto vars:     Size  Location     Type
		None
 Return value:  Size  Location     Type
                  1    wreg      unsigned char 
 Registers used:
		wreg
 Tracked objects:
		On entry : 
		On exit  : 
		Unchanged: 
 Data sizes:     COMRAM   BANK0   BANK1   BANK2   BANK3   BANK4   BANK5
      Params:         0       0       0       0       0       0       0
      Locals:         0       0       0       0       0       0       0
      Temps:          0       0       0       0       0       0       0
      Totals:         0       0       0       0       0       0       0
Total ram usage:        0 bytes
 Hardware stack levels used:    1
 This function calls:
		Nothing
 This function is called by:
		_read_switches
 This function uses a non-reentrant model


 *************** function _clcd_write *****************
 Defined at:
		line 3 in file "clcd.c"
 Parameters:    Size  Location     Type
  byte            1    wreg     unsigned char 
  control_bit     1    0[COMRAM] unsigned char 
 Auto vars:     Size  Location     Type
  byte            1    1[COMRAM] unsigned char 
 Return value:  Size  Location     Type
                  1    wreg      void 
 Registers used:
		wreg
 Tracked objects:
		On entry : 
		On exit  : 
		Unchanged: 
 Data sizes:     COMRAM   BANK0   BANK1   BANK2   BANK3   BANK4   BANK5
      Params:         1       0       0       0       0       0       0
      Locals:         1       0       0       0       0       0       0
      Temps:          0       0       0       0       0       0       0
      Totals:         2       0       0       0       0       0       0
Total ram usage:        2 bytes
 Hardware stack levels used:    1
 This function calls:
		Nothing
 This function is called by:
		_init_clcd
		_clcd_print
		_clcd_putch
		_check_matrix_keypad
 This function uses a non-reentrant model


 *************** function ___awmod *****************
 Defined at:
		line 8 in file "/opt/microchip/xc8/v1.36/sources/common/awmod.c"
 Parameters:    Size  Location     Type
  dividend        2    0[COMRAM] int 
  divisor         2    2[COMRAM] int 
 Auto vars:     Size  Location     Type
  sign            1    5[COMRAM] unsigned char 
  counter         1    4[COMRAM] unsigned char 
 Return value:  Size  Location     Type
                  2    0[COMRAM] int 
 Registers used:
		wreg, status,2, status,0
 Tracked objects:
		On entry : 
		On exit  : 
		Unchanged: 
 Data sizes:     COMRAM   BANK0   BANK1   BANK2   BANK3   BANK4   BANK5
      Params:         4       0       0       0       0       0       0
      Locals:         2       0       0       0       0       0       0
      Temps:          0       0       0       0       0       0       0
      Totals:         6       0       0       0       0       0       0
Total ram usage:        6 bytes
 Hardware stack levels used:    1
 This function calls:
		Nothing
 This function is called by:
		_main
 This function uses a non-reentrant model



MODULE INFORMATION

Module		Function		Class		Link	Load	Size
matrix_keypad.c
		_init_matrix_keypad		CODE           	0A38	0000	19
		_read_switches 		CODE           	094A	0000	67
		_scan_key      		CODE           	0802	0000	121

matrix_keypad.c estimated size: 207

shared
		__initialization		CODE           	098C	0000	45

shared estimated size: 45

clcd.c
		_clcd_write    		CODE           	09F8	0000	41
		_clcd_print    		CODE           	08EA	0000	97
		_clcd_putch    		CODE           	0A20	0000	25
		_init_clcd     		CODE           	09C2	0000	55

clcd.c estimated size: 218

/opt/microchip/xc8/v1.36/sources/common/awmod.c
		___awmod       		CODE           	087A	0000	113

/opt/microchip/xc8/v1.36/sources/common/awmod.c estimated size: 113

main.c
		_check_matrix_keypad		CODE           	0738	0000	203
		_main          		CODE           	0620	0000	281
		_init_config   		CODE           	0A5A	0000	11

main.c estimated size: 495

